
*** Running vivado
    with args -log Computer.vds -m64 -product Vivado -mode batch -messageDb vivado.pb -notrace -source Computer.tcl


****** Vivado v2018.2 (64-bit)
  **** SW Build 2258646 on Thu Jun 14 20:03:12 MDT 2018
  **** IP Build 2256618 on Thu Jun 14 22:10:49 MDT 2018
    ** Copyright 1986-2018 Xilinx, Inc. All Rights Reserved.

source Computer.tcl -notrace
Command: synth_design -top Computer -part xc7a35tcpg236-1
Starting synth_design
Attempting to get a license for feature 'Synthesis' and/or device 'xc7a35t'
INFO: [Common 17-349] Got license for feature 'Synthesis' and/or device 'xc7a35t'
INFO: Launching helper process for spawning children vivado processes
INFO: Helper process launched with PID 4412 
---------------------------------------------------------------------------------
Starting RTL Elaboration : Time (s): cpu = 00:00:03 ; elapsed = 00:00:03 . Memory (MB): peak = 468.957 ; gain = 97.402
---------------------------------------------------------------------------------
INFO: [Synth 8-638] synthesizing module 'Computer' [C:/Users/ASUS TUF/Documents/Vivado/Nano_Alts/Exp 8 Bit/Exp.srcs/sources_1/new/Computer.vhd:23]
	Parameter N bound to: 25 - type: integer 
INFO: [Synth 8-3491] module 'Slow_Clk_Bin' declared at 'C:/Users/ASUS TUF/Documents/Vivado/Nano_Alts/Exp 8 Bit/Exp.srcs/sources_1/new/Slow_Clk_Bin.vhd:4' bound to instance 'SlowClk' of component 'Slow_Clk_Bin' [C:/Users/ASUS TUF/Documents/Vivado/Nano_Alts/Exp 8 Bit/Exp.srcs/sources_1/new/Computer.vhd:90]
INFO: [Synth 8-638] synthesizing module 'Slow_Clk_Bin' [C:/Users/ASUS TUF/Documents/Vivado/Nano_Alts/Exp 8 Bit/Exp.srcs/sources_1/new/Slow_Clk_Bin.vhd:12]
	Parameter N bound to: 25 - type: integer 
INFO: [Synth 8-3491] module 'c_counter_binary_0' declared at 'C:/Users/ASUS TUF/Documents/Vivado/Nano_Alts/Exp 8 Bit/Exp.runs/synth_1/.Xil/Vivado-24304-Bimsara/realtime/c_counter_binary_0_stub.vhdl:5' bound to instance 'Counter' of component 'c_counter_binary_0' [C:/Users/ASUS TUF/Documents/Vivado/Nano_Alts/Exp 8 Bit/Exp.srcs/sources_1/new/Slow_Clk_Bin.vhd:25]
INFO: [Synth 8-638] synthesizing module 'c_counter_binary_0' [C:/Users/ASUS TUF/Documents/Vivado/Nano_Alts/Exp 8 Bit/Exp.runs/synth_1/.Xil/Vivado-24304-Bimsara/realtime/c_counter_binary_0_stub.vhdl:13]
INFO: [Synth 8-256] done synthesizing module 'Slow_Clk_Bin' (1#1) [C:/Users/ASUS TUF/Documents/Vivado/Nano_Alts/Exp 8 Bit/Exp.srcs/sources_1/new/Slow_Clk_Bin.vhd:12]
INFO: [Synth 8-3491] module 'NanoProcessor' declared at 'C:/Users/ASUS TUF/Documents/Vivado/Nano_Alts/Exp 8 Bit/Exp.srcs/sources_1/new/NanoProcessor.vhd:4' bound to instance 'NP1' of component 'NanoProcessor' [C:/Users/ASUS TUF/Documents/Vivado/Nano_Alts/Exp 8 Bit/Exp.srcs/sources_1/new/Computer.vhd:100]
INFO: [Synth 8-638] synthesizing module 'NanoProcessor' [C:/Users/ASUS TUF/Documents/Vivado/Nano_Alts/Exp 8 Bit/Exp.srcs/sources_1/new/NanoProcessor.vhd:24]
INFO: [Synth 8-3491] module 'Program_Counter' declared at 'C:/Users/ASUS TUF/Documents/Vivado/Nano_Alts/Exp 8 Bit/Exp.srcs/sources_1/new/Program_Counter.vhd:4' bound to instance 'PC' of component 'Program_Counter' [C:/Users/ASUS TUF/Documents/Vivado/Nano_Alts/Exp 8 Bit/Exp.srcs/sources_1/new/NanoProcessor.vhd:146]
INFO: [Synth 8-638] synthesizing module 'Program_Counter' [C:/Users/ASUS TUF/Documents/Vivado/Nano_Alts/Exp 8 Bit/Exp.srcs/sources_1/new/Program_Counter.vhd:13]
INFO: [Synth 8-3491] module 'c_counter_binary_1' declared at 'C:/Users/ASUS TUF/Documents/Vivado/Nano_Alts/Exp 8 Bit/Exp.runs/synth_1/.Xil/Vivado-24304-Bimsara/realtime/c_counter_binary_1_stub.vhdl:5' bound to instance 'Counter' of component 'c_counter_binary_1' [C:/Users/ASUS TUF/Documents/Vivado/Nano_Alts/Exp 8 Bit/Exp.srcs/sources_1/new/Program_Counter.vhd:27]
INFO: [Synth 8-638] synthesizing module 'c_counter_binary_1' [C:/Users/ASUS TUF/Documents/Vivado/Nano_Alts/Exp 8 Bit/Exp.runs/synth_1/.Xil/Vivado-24304-Bimsara/realtime/c_counter_binary_1_stub.vhdl:16]
INFO: [Synth 8-256] done synthesizing module 'Program_Counter' (2#1) [C:/Users/ASUS TUF/Documents/Vivado/Nano_Alts/Exp 8 Bit/Exp.srcs/sources_1/new/Program_Counter.vhd:13]
INFO: [Synth 8-3491] module 'Instruction_Decoder' declared at 'C:/Users/ASUS TUF/Documents/Vivado/Nano_Alts/Exp 8 Bit/Exp.srcs/sources_1/new/Instruction_Decoder.vhd:4' bound to instance 'InstructionDecoder' of component 'Instruction_Decoder' [C:/Users/ASUS TUF/Documents/Vivado/Nano_Alts/Exp 8 Bit/Exp.srcs/sources_1/new/NanoProcessor.vhd:155]
INFO: [Synth 8-638] synthesizing module 'Instruction_Decoder' [C:/Users/ASUS TUF/Documents/Vivado/Nano_Alts/Exp 8 Bit/Exp.srcs/sources_1/new/Instruction_Decoder.vhd:22]
INFO: [Synth 8-226] default block is never used [C:/Users/ASUS TUF/Documents/Vivado/Nano_Alts/Exp 8 Bit/Exp.srcs/sources_1/new/Instruction_Decoder.vhd:42]
INFO: [Synth 8-256] done synthesizing module 'Instruction_Decoder' (3#1) [C:/Users/ASUS TUF/Documents/Vivado/Nano_Alts/Exp 8 Bit/Exp.srcs/sources_1/new/Instruction_Decoder.vhd:22]
INFO: [Synth 8-3491] module 'Load_Selector' declared at 'C:/Users/ASUS TUF/Documents/Vivado/Nano_Alts/Exp 8 Bit/Exp.srcs/sources_1/new/Load_Selector.vhd:4' bound to instance 'LoadSelector' of component 'Load_Selector' [C:/Users/ASUS TUF/Documents/Vivado/Nano_Alts/Exp 8 Bit/Exp.srcs/sources_1/new/NanoProcessor.vhd:171]
INFO: [Synth 8-638] synthesizing module 'Load_Selector' [C:/Users/ASUS TUF/Documents/Vivado/Nano_Alts/Exp 8 Bit/Exp.srcs/sources_1/new/Load_Selector.vhd:13]
INFO: [Synth 8-256] done synthesizing module 'Load_Selector' (4#1) [C:/Users/ASUS TUF/Documents/Vivado/Nano_Alts/Exp 8 Bit/Exp.srcs/sources_1/new/Load_Selector.vhd:13]
INFO: [Synth 8-3491] module 'Register_Bank' declared at 'C:/Users/ASUS TUF/Documents/Vivado/Nano_Alts/Exp 8 Bit/Exp.srcs/sources_1/new/Register_Bank.vhd:4' bound to instance 'RegisterBank' of component 'Register_Bank' [C:/Users/ASUS TUF/Documents/Vivado/Nano_Alts/Exp 8 Bit/Exp.srcs/sources_1/new/NanoProcessor.vhd:180]
INFO: [Synth 8-638] synthesizing module 'Register_Bank' [C:/Users/ASUS TUF/Documents/Vivado/Nano_Alts/Exp 8 Bit/Exp.srcs/sources_1/new/Register_Bank.vhd:21]
INFO: [Synth 8-3491] module 'Decoder_8' declared at 'C:/Users/ASUS TUF/Documents/Vivado/Nano_Alts/Exp 8 Bit/Exp.srcs/sources_1/new/Decoder_8.vhd:4' bound to instance 'Decoder_3_to_8' of component 'Decoder_8' [C:/Users/ASUS TUF/Documents/Vivado/Nano_Alts/Exp 8 Bit/Exp.srcs/sources_1/new/Register_Bank.vhd:44]
INFO: [Synth 8-638] synthesizing module 'Decoder_8' [C:/Users/ASUS TUF/Documents/Vivado/Nano_Alts/Exp 8 Bit/Exp.srcs/sources_1/new/Decoder_8.vhd:11]
INFO: [Synth 8-226] default block is never used [C:/Users/ASUS TUF/Documents/Vivado/Nano_Alts/Exp 8 Bit/Exp.srcs/sources_1/new/Decoder_8.vhd:15]
INFO: [Synth 8-256] done synthesizing module 'Decoder_8' (5#1) [C:/Users/ASUS TUF/Documents/Vivado/Nano_Alts/Exp 8 Bit/Exp.srcs/sources_1/new/Decoder_8.vhd:11]
INFO: [Synth 8-3491] module 'Register_8bit' declared at 'C:/Users/ASUS TUF/Documents/Vivado/Nano_Alts/Exp 8 Bit/Exp.srcs/sources_1/new/Register_4bit.vhd:4' bound to instance 'reg_0' of component 'Register_8bit' [C:/Users/ASUS TUF/Documents/Vivado/Nano_Alts/Exp 8 Bit/Exp.srcs/sources_1/new/Register_Bank.vhd:50]
INFO: [Synth 8-638] synthesizing module 'Register_8bit' [C:/Users/ASUS TUF/Documents/Vivado/Nano_Alts/Exp 8 Bit/Exp.srcs/sources_1/new/Register_4bit.vhd:14]
INFO: [Synth 8-256] done synthesizing module 'Register_8bit' (6#1) [C:/Users/ASUS TUF/Documents/Vivado/Nano_Alts/Exp 8 Bit/Exp.srcs/sources_1/new/Register_4bit.vhd:14]
INFO: [Synth 8-3491] module 'Register_8bit' declared at 'C:/Users/ASUS TUF/Documents/Vivado/Nano_Alts/Exp 8 Bit/Exp.srcs/sources_1/new/Register_4bit.vhd:4' bound to instance 'reg_1' of component 'Register_8bit' [C:/Users/ASUS TUF/Documents/Vivado/Nano_Alts/Exp 8 Bit/Exp.srcs/sources_1/new/Register_Bank.vhd:59]
INFO: [Synth 8-3491] module 'Register_8bit' declared at 'C:/Users/ASUS TUF/Documents/Vivado/Nano_Alts/Exp 8 Bit/Exp.srcs/sources_1/new/Register_4bit.vhd:4' bound to instance 'reg_2' of component 'Register_8bit' [C:/Users/ASUS TUF/Documents/Vivado/Nano_Alts/Exp 8 Bit/Exp.srcs/sources_1/new/Register_Bank.vhd:68]
INFO: [Synth 8-3491] module 'Register_8bit' declared at 'C:/Users/ASUS TUF/Documents/Vivado/Nano_Alts/Exp 8 Bit/Exp.srcs/sources_1/new/Register_4bit.vhd:4' bound to instance 'reg_3' of component 'Register_8bit' [C:/Users/ASUS TUF/Documents/Vivado/Nano_Alts/Exp 8 Bit/Exp.srcs/sources_1/new/Register_Bank.vhd:77]
INFO: [Synth 8-3491] module 'Register_8bit' declared at 'C:/Users/ASUS TUF/Documents/Vivado/Nano_Alts/Exp 8 Bit/Exp.srcs/sources_1/new/Register_4bit.vhd:4' bound to instance 'reg_4' of component 'Register_8bit' [C:/Users/ASUS TUF/Documents/Vivado/Nano_Alts/Exp 8 Bit/Exp.srcs/sources_1/new/Register_Bank.vhd:86]
INFO: [Synth 8-3491] module 'Register_8bit' declared at 'C:/Users/ASUS TUF/Documents/Vivado/Nano_Alts/Exp 8 Bit/Exp.srcs/sources_1/new/Register_4bit.vhd:4' bound to instance 'reg_5' of component 'Register_8bit' [C:/Users/ASUS TUF/Documents/Vivado/Nano_Alts/Exp 8 Bit/Exp.srcs/sources_1/new/Register_Bank.vhd:95]
INFO: [Synth 8-3491] module 'Register_8bit' declared at 'C:/Users/ASUS TUF/Documents/Vivado/Nano_Alts/Exp 8 Bit/Exp.srcs/sources_1/new/Register_4bit.vhd:4' bound to instance 'reg_6' of component 'Register_8bit' [C:/Users/ASUS TUF/Documents/Vivado/Nano_Alts/Exp 8 Bit/Exp.srcs/sources_1/new/Register_Bank.vhd:104]
INFO: [Synth 8-3491] module 'Register_8bit' declared at 'C:/Users/ASUS TUF/Documents/Vivado/Nano_Alts/Exp 8 Bit/Exp.srcs/sources_1/new/Register_4bit.vhd:4' bound to instance 'reg_7' of component 'Register_8bit' [C:/Users/ASUS TUF/Documents/Vivado/Nano_Alts/Exp 8 Bit/Exp.srcs/sources_1/new/Register_Bank.vhd:113]
INFO: [Synth 8-256] done synthesizing module 'Register_Bank' (7#1) [C:/Users/ASUS TUF/Documents/Vivado/Nano_Alts/Exp 8 Bit/Exp.srcs/sources_1/new/Register_Bank.vhd:21]
INFO: [Synth 8-3491] module 'MUX8' declared at 'C:/Users/ASUS TUF/Documents/Vivado/Nano_Alts/Exp 8 Bit/Exp.srcs/sources_1/new/MUX8.vhd:4' bound to instance 'Selector_A' of component 'MUX8' [C:/Users/ASUS TUF/Documents/Vivado/Nano_Alts/Exp 8 Bit/Exp.srcs/sources_1/new/NanoProcessor.vhd:196]
INFO: [Synth 8-638] synthesizing module 'MUX8' [C:/Users/ASUS TUF/Documents/Vivado/Nano_Alts/Exp 8 Bit/Exp.srcs/sources_1/new/MUX8.vhd:19]
INFO: [Synth 8-226] default block is never used [C:/Users/ASUS TUF/Documents/Vivado/Nano_Alts/Exp 8 Bit/Exp.srcs/sources_1/new/MUX8.vhd:23]
INFO: [Synth 8-256] done synthesizing module 'MUX8' (8#1) [C:/Users/ASUS TUF/Documents/Vivado/Nano_Alts/Exp 8 Bit/Exp.srcs/sources_1/new/MUX8.vhd:19]
INFO: [Synth 8-3491] module 'MUX8' declared at 'C:/Users/ASUS TUF/Documents/Vivado/Nano_Alts/Exp 8 Bit/Exp.srcs/sources_1/new/MUX8.vhd:4' bound to instance 'Selector_B' of component 'MUX8' [C:/Users/ASUS TUF/Documents/Vivado/Nano_Alts/Exp 8 Bit/Exp.srcs/sources_1/new/NanoProcessor.vhd:210]
INFO: [Synth 8-3491] module 'AU' declared at 'C:/Users/ASUS TUF/Documents/Vivado/Nano_Alts/Exp 8 Bit/Exp.srcs/sources_1/new/AU.vhd:4' bound to instance 'Arithmetic_Unit' of component 'AU' [C:/Users/ASUS TUF/Documents/Vivado/Nano_Alts/Exp 8 Bit/Exp.srcs/sources_1/new/NanoProcessor.vhd:224]
INFO: [Synth 8-638] synthesizing module 'AU' [C:/Users/ASUS TUF/Documents/Vivado/Nano_Alts/Exp 8 Bit/Exp.srcs/sources_1/new/AU.vhd:17]
INFO: [Synth 8-3491] module 'Divider' declared at 'C:/Users/ASUS TUF/Documents/Vivado/Nano_Alts/Exp 8 Bit/Exp.srcs/sources_1/new/Divider.vhd:5' bound to instance 'Div' of component 'Divider' [C:/Users/ASUS TUF/Documents/Vivado/Nano_Alts/Exp 8 Bit/Exp.srcs/sources_1/new/AU.vhd:68]
INFO: [Synth 8-638] synthesizing module 'Divider' [C:/Users/ASUS TUF/Documents/Vivado/Nano_Alts/Exp 8 Bit/Exp.srcs/sources_1/new/Divider.vhd:15]
INFO: [Synth 8-256] done synthesizing module 'Divider' (9#1) [C:/Users/ASUS TUF/Documents/Vivado/Nano_Alts/Exp 8 Bit/Exp.srcs/sources_1/new/Divider.vhd:15]
INFO: [Synth 8-3491] module 'Multiplier' declared at 'C:/Users/ASUS TUF/Documents/Vivado/Nano_Alts/Exp 8 Bit/Exp.srcs/sources_1/new/Multiplier.vhd:7' bound to instance 'Mult' of component 'Multiplier' [C:/Users/ASUS TUF/Documents/Vivado/Nano_Alts/Exp 8 Bit/Exp.srcs/sources_1/new/AU.vhd:76]
INFO: [Synth 8-638] synthesizing module 'Multiplier' [C:/Users/ASUS TUF/Documents/Vivado/Nano_Alts/Exp 8 Bit/Exp.srcs/sources_1/new/Multiplier.vhd:13]
INFO: [Synth 8-256] done synthesizing module 'Multiplier' (10#1) [C:/Users/ASUS TUF/Documents/Vivado/Nano_Alts/Exp 8 Bit/Exp.srcs/sources_1/new/Multiplier.vhd:13]
INFO: [Synth 8-3491] module 'Comparator' declared at 'C:/Users/ASUS TUF/Documents/Vivado/Nano_Alts/Exp 8 Bit/Exp.srcs/sources_1/new/Comparator.vhd:5' bound to instance 'Comp' of component 'Comparator' [C:/Users/ASUS TUF/Documents/Vivado/Nano_Alts/Exp 8 Bit/Exp.srcs/sources_1/new/AU.vhd:82]
INFO: [Synth 8-638] synthesizing module 'Comparator' [C:/Users/ASUS TUF/Documents/Vivado/Nano_Alts/Exp 8 Bit/Exp.srcs/sources_1/new/Comparator.vhd:14]
INFO: [Synth 8-256] done synthesizing module 'Comparator' (11#1) [C:/Users/ASUS TUF/Documents/Vivado/Nano_Alts/Exp 8 Bit/Exp.srcs/sources_1/new/Comparator.vhd:14]
INFO: [Synth 8-3491] module 'c_addsub_0' declared at 'C:/Users/ASUS TUF/Documents/Vivado/Nano_Alts/Exp 8 Bit/Exp.runs/synth_1/.Xil/Vivado-24304-Bimsara/realtime/c_addsub_0_stub.vhdl:5' bound to instance 'addsub' of component 'c_addsub_0' [C:/Users/ASUS TUF/Documents/Vivado/Nano_Alts/Exp 8 Bit/Exp.srcs/sources_1/new/AU.vhd:91]
INFO: [Synth 8-638] synthesizing module 'c_addsub_0' [C:/Users/ASUS TUF/Documents/Vivado/Nano_Alts/Exp 8 Bit/Exp.runs/synth_1/.Xil/Vivado-24304-Bimsara/realtime/c_addsub_0_stub.vhdl:16]
INFO: [Synth 8-3491] module 'BitwiseOperator' declared at 'C:/Users/ASUS TUF/Documents/Vivado/Nano_Alts/Exp 8 Bit/Exp.srcs/sources_1/new/BitwiseOperator.vhd:4' bound to instance 'BU' of component 'BitwiseOperator' [C:/Users/ASUS TUF/Documents/Vivado/Nano_Alts/Exp 8 Bit/Exp.srcs/sources_1/new/AU.vhd:100]
INFO: [Synth 8-638] synthesizing module 'BitwiseOperator' [C:/Users/ASUS TUF/Documents/Vivado/Nano_Alts/Exp 8 Bit/Exp.srcs/sources_1/new/BitwiseOperator.vhd:11]
INFO: [Synth 8-226] default block is never used [C:/Users/ASUS TUF/Documents/Vivado/Nano_Alts/Exp 8 Bit/Exp.srcs/sources_1/new/BitwiseOperator.vhd:19]
INFO: [Synth 8-256] done synthesizing module 'BitwiseOperator' (12#1) [C:/Users/ASUS TUF/Documents/Vivado/Nano_Alts/Exp 8 Bit/Exp.srcs/sources_1/new/BitwiseOperator.vhd:11]
WARNING: [Synth 8-614] signal 'Quotient' is read in the process but is not in the sensitivity list [C:/Users/ASUS TUF/Documents/Vivado/Nano_Alts/Exp 8 Bit/Exp.srcs/sources_1/new/AU.vhd:108]
WARNING: [Synth 8-614] signal 'Remainder' is read in the process but is not in the sensitivity list [C:/Users/ASUS TUF/Documents/Vivado/Nano_Alts/Exp 8 Bit/Exp.srcs/sources_1/new/AU.vhd:108]
WARNING: [Synth 8-614] signal 'Greater' is read in the process but is not in the sensitivity list [C:/Users/ASUS TUF/Documents/Vivado/Nano_Alts/Exp 8 Bit/Exp.srcs/sources_1/new/AU.vhd:117]
WARNING: [Synth 8-614] signal 'Lower' is read in the process but is not in the sensitivity list [C:/Users/ASUS TUF/Documents/Vivado/Nano_Alts/Exp 8 Bit/Exp.srcs/sources_1/new/AU.vhd:117]
WARNING: [Synth 8-614] signal 'Sum' is read in the process but is not in the sensitivity list [C:/Users/ASUS TUF/Documents/Vivado/Nano_Alts/Exp 8 Bit/Exp.srcs/sources_1/new/AU.vhd:126]
WARNING: [Synth 8-614] signal 'Product' is read in the process but is not in the sensitivity list [C:/Users/ASUS TUF/Documents/Vivado/Nano_Alts/Exp 8 Bit/Exp.srcs/sources_1/new/AU.vhd:126]
WARNING: [Synth 8-614] signal 'D' is read in the process but is not in the sensitivity list [C:/Users/ASUS TUF/Documents/Vivado/Nano_Alts/Exp 8 Bit/Exp.srcs/sources_1/new/AU.vhd:126]
WARNING: [Synth 8-614] signal 'C' is read in the process but is not in the sensitivity list [C:/Users/ASUS TUF/Documents/Vivado/Nano_Alts/Exp 8 Bit/Exp.srcs/sources_1/new/AU.vhd:126]
WARNING: [Synth 8-614] signal 'BO' is read in the process but is not in the sensitivity list [C:/Users/ASUS TUF/Documents/Vivado/Nano_Alts/Exp 8 Bit/Exp.srcs/sources_1/new/AU.vhd:126]
INFO: [Synth 8-256] done synthesizing module 'AU' (13#1) [C:/Users/ASUS TUF/Documents/Vivado/Nano_Alts/Exp 8 Bit/Exp.srcs/sources_1/new/AU.vhd:17]
INFO: [Synth 8-3491] module 'Program_ROM' declared at 'C:/Users/ASUS TUF/Documents/Vivado/Nano_Alts/Exp 8 Bit/Exp.srcs/sources_1/new/Program_ROM.vhd:5' bound to instance 'ProgramROM' of component 'Program_ROM' [C:/Users/ASUS TUF/Documents/Vivado/Nano_Alts/Exp 8 Bit/Exp.srcs/sources_1/new/NanoProcessor.vhd:236]
INFO: [Synth 8-638] synthesizing module 'Program_ROM' [C:/Users/ASUS TUF/Documents/Vivado/Nano_Alts/Exp 8 Bit/Exp.srcs/sources_1/new/Program_ROM.vhd:13]
INFO: [Synth 8-226] default block is never used [C:/Users/ASUS TUF/Documents/Vivado/Nano_Alts/Exp 8 Bit/Exp.srcs/sources_1/new/Program_ROM.vhd:70]
INFO: [Synth 8-256] done synthesizing module 'Program_ROM' (14#1) [C:/Users/ASUS TUF/Documents/Vivado/Nano_Alts/Exp 8 Bit/Exp.srcs/sources_1/new/Program_ROM.vhd:13]
INFO: [Synth 8-256] done synthesizing module 'NanoProcessor' (15#1) [C:/Users/ASUS TUF/Documents/Vivado/Nano_Alts/Exp 8 Bit/Exp.srcs/sources_1/new/NanoProcessor.vhd:24]
INFO: [Synth 8-3491] module 'Display_Driver' declared at 'C:/Users/ASUS TUF/Documents/Vivado/Nano_Alts/Exp 8 Bit/Exp.srcs/sources_1/new/Display_Driver.vhd:5' bound to instance 'Driver1' of component 'Display_Driver' [C:/Users/ASUS TUF/Documents/Vivado/Nano_Alts/Exp 8 Bit/Exp.srcs/sources_1/new/Computer.vhd:118]
INFO: [Synth 8-638] synthesizing module 'Display_Driver' [C:/Users/ASUS TUF/Documents/Vivado/Nano_Alts/Exp 8 Bit/Exp.srcs/sources_1/new/Display_Driver.vhd:18]
INFO: [Synth 8-3491] module 'MUX8' declared at 'C:/Users/ASUS TUF/Documents/Vivado/Nano_Alts/Exp 8 Bit/Exp.srcs/sources_1/new/MUX8.vhd:4' bound to instance 'Selected_Address' of component 'MUX8' [C:/Users/ASUS TUF/Documents/Vivado/Nano_Alts/Exp 8 Bit/Exp.srcs/sources_1/new/Display_Driver.vhd:69]
	Parameter N bound to: 16 - type: integer 
INFO: [Synth 8-3491] module 'Slow_Clk_Bin' declared at 'C:/Users/ASUS TUF/Documents/Vivado/Nano_Alts/Exp 8 Bit/Exp.srcs/sources_1/new/Slow_Clk_Bin.vhd:4' bound to instance 'SlowClk' of component 'Slow_Clk_Bin' [C:/Users/ASUS TUF/Documents/Vivado/Nano_Alts/Exp 8 Bit/Exp.srcs/sources_1/new/Display_Driver.vhd:83]
INFO: [Synth 8-638] synthesizing module 'Slow_Clk_Bin__parameterized1' [C:/Users/ASUS TUF/Documents/Vivado/Nano_Alts/Exp 8 Bit/Exp.srcs/sources_1/new/Slow_Clk_Bin.vhd:12]
	Parameter N bound to: 16 - type: integer 
INFO: [Synth 8-3491] module 'c_counter_binary_0' declared at 'C:/Users/ASUS TUF/Documents/Vivado/Nano_Alts/Exp 8 Bit/Exp.runs/synth_1/.Xil/Vivado-24304-Bimsara/realtime/c_counter_binary_0_stub.vhdl:5' bound to instance 'Counter' of component 'c_counter_binary_0' [C:/Users/ASUS TUF/Documents/Vivado/Nano_Alts/Exp 8 Bit/Exp.srcs/sources_1/new/Slow_Clk_Bin.vhd:25]
INFO: [Synth 8-256] done synthesizing module 'Slow_Clk_Bin__parameterized1' (15#1) [C:/Users/ASUS TUF/Documents/Vivado/Nano_Alts/Exp 8 Bit/Exp.srcs/sources_1/new/Slow_Clk_Bin.vhd:12]
INFO: [Synth 8-256] done synthesizing module 'Display_Driver' (16#1) [C:/Users/ASUS TUF/Documents/Vivado/Nano_Alts/Exp 8 Bit/Exp.srcs/sources_1/new/Display_Driver.vhd:18]
INFO: [Synth 8-3491] module 'Display_Driver_Nat' declared at 'C:/Users/ASUS TUF/Documents/Vivado/Nano_Alts/Exp 8 Bit/Exp.srcs/sources_1/new/Display_Driver_Nat.vhd:5' bound to instance 'Driver2' of component 'Display_Driver_Nat' [C:/Users/ASUS TUF/Documents/Vivado/Nano_Alts/Exp 8 Bit/Exp.srcs/sources_1/new/Computer.vhd:139]
INFO: [Synth 8-638] synthesizing module 'Display_Driver_Nat' [C:/Users/ASUS TUF/Documents/Vivado/Nano_Alts/Exp 8 Bit/Exp.srcs/sources_1/new/Display_Driver_Nat.vhd:16]
INFO: [Synth 8-3491] module 'MUX8' declared at 'C:/Users/ASUS TUF/Documents/Vivado/Nano_Alts/Exp 8 Bit/Exp.srcs/sources_1/new/MUX8.vhd:4' bound to instance 'Selected_Address' of component 'MUX8' [C:/Users/ASUS TUF/Documents/Vivado/Nano_Alts/Exp 8 Bit/Exp.srcs/sources_1/new/Display_Driver_Nat.vhd:74]
	Parameter N bound to: 16 - type: integer 
INFO: [Synth 8-3491] module 'Slow_Clk_Bin' declared at 'C:/Users/ASUS TUF/Documents/Vivado/Nano_Alts/Exp 8 Bit/Exp.srcs/sources_1/new/Slow_Clk_Bin.vhd:4' bound to instance 'SlowClk' of component 'Slow_Clk_Bin' [C:/Users/ASUS TUF/Documents/Vivado/Nano_Alts/Exp 8 Bit/Exp.srcs/sources_1/new/Display_Driver_Nat.vhd:88]
INFO: [Synth 8-256] done synthesizing module 'Display_Driver_Nat' (17#1) [C:/Users/ASUS TUF/Documents/Vivado/Nano_Alts/Exp 8 Bit/Exp.srcs/sources_1/new/Display_Driver_Nat.vhd:16]
WARNING: [Synth 8-614] signal 'ds1' is read in the process but is not in the sensitivity list [C:/Users/ASUS TUF/Documents/Vivado/Nano_Alts/Exp 8 Bit/Exp.srcs/sources_1/new/Computer.vhd:158]
WARNING: [Synth 8-614] signal 'an1' is read in the process but is not in the sensitivity list [C:/Users/ASUS TUF/Documents/Vivado/Nano_Alts/Exp 8 Bit/Exp.srcs/sources_1/new/Computer.vhd:158]
WARNING: [Synth 8-614] signal 'ds2' is read in the process but is not in the sensitivity list [C:/Users/ASUS TUF/Documents/Vivado/Nano_Alts/Exp 8 Bit/Exp.srcs/sources_1/new/Computer.vhd:158]
INFO: [Synth 8-256] done synthesizing module 'Computer' (18#1) [C:/Users/ASUS TUF/Documents/Vivado/Nano_Alts/Exp 8 Bit/Exp.srcs/sources_1/new/Computer.vhd:23]
---------------------------------------------------------------------------------
Finished RTL Elaboration : Time (s): cpu = 00:00:04 ; elapsed = 00:00:04 . Memory (MB): peak = 524.195 ; gain = 152.641
---------------------------------------------------------------------------------

Report Check Netlist: 
+------+------------------+-------+---------+-------+------------------+
|      |Item              |Errors |Warnings |Status |Description       |
+------+------------------+-------+---------+-------+------------------+
|1     |multi_driven_nets |      0|        0|Passed |Multi driven nets |
+------+------------------+-------+---------+-------+------------------+
---------------------------------------------------------------------------------
Start Handling Custom Attributes
---------------------------------------------------------------------------------
---------------------------------------------------------------------------------
Finished Handling Custom Attributes : Time (s): cpu = 00:00:04 ; elapsed = 00:00:04 . Memory (MB): peak = 524.195 ; gain = 152.641
---------------------------------------------------------------------------------
---------------------------------------------------------------------------------
Finished RTL Optimization Phase 1 : Time (s): cpu = 00:00:04 ; elapsed = 00:00:04 . Memory (MB): peak = 524.195 ; gain = 152.641
---------------------------------------------------------------------------------
INFO: [Device 21-403] Loading part xc7a35tcpg236-1
INFO: [Project 1-570] Preparing netlist for logic optimization

Processing XDC Constraints
Initializing timing engine
Parsing XDC File [c:/Users/ASUS TUF/Documents/Vivado/Nano_Alts/Exp 8 Bit/Exp.srcs/sources_1/ip/c_addsub_0/c_addsub_0/c_addsub_0_in_context.xdc] for cell 'NP1/Arithmetic_Unit/addsub'
Finished Parsing XDC File [c:/Users/ASUS TUF/Documents/Vivado/Nano_Alts/Exp 8 Bit/Exp.srcs/sources_1/ip/c_addsub_0/c_addsub_0/c_addsub_0_in_context.xdc] for cell 'NP1/Arithmetic_Unit/addsub'
Parsing XDC File [c:/Users/ASUS TUF/Documents/Vivado/Nano_Alts/Exp 8 Bit/Exp.srcs/sources_1/ip/c_counter_binary_0/c_counter_binary_0/c_counter_binary_0_in_context.xdc] for cell 'SlowClk/Counter'
Finished Parsing XDC File [c:/Users/ASUS TUF/Documents/Vivado/Nano_Alts/Exp 8 Bit/Exp.srcs/sources_1/ip/c_counter_binary_0/c_counter_binary_0/c_counter_binary_0_in_context.xdc] for cell 'SlowClk/Counter'
Parsing XDC File [c:/Users/ASUS TUF/Documents/Vivado/Nano_Alts/Exp 8 Bit/Exp.srcs/sources_1/ip/c_counter_binary_0/c_counter_binary_0/c_counter_binary_0_in_context.xdc] for cell 'Driver1/SlowClk/Counter'
Finished Parsing XDC File [c:/Users/ASUS TUF/Documents/Vivado/Nano_Alts/Exp 8 Bit/Exp.srcs/sources_1/ip/c_counter_binary_0/c_counter_binary_0/c_counter_binary_0_in_context.xdc] for cell 'Driver1/SlowClk/Counter'
Parsing XDC File [c:/Users/ASUS TUF/Documents/Vivado/Nano_Alts/Exp 8 Bit/Exp.srcs/sources_1/ip/c_counter_binary_0/c_counter_binary_0/c_counter_binary_0_in_context.xdc] for cell 'Driver2/SlowClk/Counter'
Finished Parsing XDC File [c:/Users/ASUS TUF/Documents/Vivado/Nano_Alts/Exp 8 Bit/Exp.srcs/sources_1/ip/c_counter_binary_0/c_counter_binary_0/c_counter_binary_0_in_context.xdc] for cell 'Driver2/SlowClk/Counter'
Parsing XDC File [c:/Users/ASUS TUF/Documents/Vivado/Nano_Alts/Exp 8 Bit/Exp.srcs/sources_1/ip/c_counter_binary_1/c_counter_binary_1/c_counter_binary_1_in_context.xdc] for cell 'NP1/PC/Counter'
Finished Parsing XDC File [c:/Users/ASUS TUF/Documents/Vivado/Nano_Alts/Exp 8 Bit/Exp.srcs/sources_1/ip/c_counter_binary_1/c_counter_binary_1/c_counter_binary_1_in_context.xdc] for cell 'NP1/PC/Counter'
Parsing XDC File [C:/Users/ASUS TUF/Documents/Vivado/Nano_Alts/Exp 8 Bit/Exp.srcs/constrs_1/imports/Basic/Basic_Constraints.xdc]
Finished Parsing XDC File [C:/Users/ASUS TUF/Documents/Vivado/Nano_Alts/Exp 8 Bit/Exp.srcs/constrs_1/imports/Basic/Basic_Constraints.xdc]
INFO: [Project 1-236] Implementation specific constraints were found while reading constraint file [C:/Users/ASUS TUF/Documents/Vivado/Nano_Alts/Exp 8 Bit/Exp.srcs/constrs_1/imports/Basic/Basic_Constraints.xdc]. These constraints will be ignored for synthesis but will be used in implementation. Impacted constraints are listed in the file [.Xil/Computer_propImpl.xdc].
Resolution: To avoid this warning, move constraints listed in [.Xil/Computer_propImpl.xdc] to another XDC file and exclude this new file from synthesis with the used_in_synthesis property (File Properties dialog in GUI) and re-run elaboration/synthesis.
Completed Processing XDC Constraints

INFO: [Project 1-111] Unisim Transformation Summary:
No Unisim elements were transformed.

Constraint Validation Runtime : Time (s): cpu = 00:00:00 ; elapsed = 00:00:00.004 . Memory (MB): peak = 859.762 ; gain = 0.000
WARNING: [Timing 38-316] Clock period '100.000' specified during out-of-context synthesis of instance 'Driver1/SlowClk/Counter' at clock pin 'CLK' is different from the actual clock period '10.000', this can lead to different synthesis results.
WARNING: [Timing 38-316] Clock period '100.000' specified during out-of-context synthesis of instance 'Driver2/SlowClk/Counter' at clock pin 'CLK' is different from the actual clock period '10.000', this can lead to different synthesis results.
WARNING: [Timing 38-316] Clock period '100.000' specified during out-of-context synthesis of instance 'NP1/PC/Counter' at clock pin 'CLK' is different from the actual clock period '10.000', this can lead to different synthesis results.
WARNING: [Timing 38-316] Clock period '100.000' specified during out-of-context synthesis of instance 'SlowClk/Counter' at clock pin 'CLK' is different from the actual clock period '10.000', this can lead to different synthesis results.
---------------------------------------------------------------------------------
Finished Constraint Validation : Time (s): cpu = 00:00:12 ; elapsed = 00:00:15 . Memory (MB): peak = 861.039 ; gain = 489.484
---------------------------------------------------------------------------------
---------------------------------------------------------------------------------
Start Loading Part and Timing Information
---------------------------------------------------------------------------------
Loading part: xc7a35tcpg236-1
---------------------------------------------------------------------------------
Finished Loading Part and Timing Information : Time (s): cpu = 00:00:13 ; elapsed = 00:00:15 . Memory (MB): peak = 861.039 ; gain = 489.484
---------------------------------------------------------------------------------
---------------------------------------------------------------------------------
Start Applying 'set_property' XDC Constraints
---------------------------------------------------------------------------------
Applied set_property DONT_TOUCH = true for NP1/Arithmetic_Unit/addsub. (constraint file  auto generated constraint, line ).
Applied set_property DONT_TOUCH = true for SlowClk/Counter. (constraint file  auto generated constraint, line ).
Applied set_property DONT_TOUCH = true for Driver1/SlowClk/Counter. (constraint file  auto generated constraint, line ).
Applied set_property DONT_TOUCH = true for Driver2/SlowClk/Counter. (constraint file  auto generated constraint, line ).
Applied set_property DONT_TOUCH = true for NP1/PC/Counter. (constraint file  auto generated constraint, line ).
---------------------------------------------------------------------------------
Finished applying 'set_property' XDC Constraints : Time (s): cpu = 00:00:13 ; elapsed = 00:00:15 . Memory (MB): peak = 861.039 ; gain = 489.484
---------------------------------------------------------------------------------
INFO: [Synth 8-5546] ROM "JumpFlag" won't be mapped to RAM because it is too sparse
INFO: [Synth 8-5546] ROM "Zero" won't be mapped to RAM because it is too sparse
INFO: [Synth 8-5544] ROM "Anode" won't be mapped to Block RAM because address size (2) smaller than threshold (5)
INFO: [Synth 8-5544] ROM "DO" won't be mapped to Block RAM because address size (4) smaller than threshold (5)
INFO: [Synth 8-5545] ROM "Ones1" won't be mapped to RAM because address size (32) is larger than maximum supported(25)
INFO: [Synth 8-5545] ROM "Tens1" won't be mapped to RAM because address size (32) is larger than maximum supported(25)
INFO: [Synth 8-5545] ROM "Hundreds1" won't be mapped to RAM because address size (32) is larger than maximum supported(25)
INFO: [Synth 8-5544] ROM "Anode" won't be mapped to Block RAM because address size (2) smaller than threshold (5)
INFO: [Synth 8-5544] ROM "DO" won't be mapped to Block RAM because address size (4) smaller than threshold (5)
---------------------------------------------------------------------------------
Finished RTL Optimization Phase 2 : Time (s): cpu = 00:00:13 ; elapsed = 00:00:16 . Memory (MB): peak = 861.039 ; gain = 489.484
---------------------------------------------------------------------------------

Report RTL Partitions: 
+-+--------------+------------+----------+
| |RTL Partition |Replication |Instances |
+-+--------------+------------+----------+
+-+--------------+------------+----------+
---------------------------------------------------------------------------------
Start RTL Component Statistics 
---------------------------------------------------------------------------------
Detailed RTL Component Info : 
+---Adders : 
	   2 Input     32 Bit       Adders := 2     
	   2 Input     31 Bit       Adders := 3     
	   2 Input      9 Bit       Adders := 1     
	   2 Input      4 Bit       Adders := 3     
	   2 Input      2 Bit       Adders := 2     
+---XORs : 
	   2 Input      8 Bit         XORs := 1     
+---Registers : 
	                8 Bit    Registers := 8     
	                2 Bit    Registers := 2     
+---Muxes : 
	   2 Input     32 Bit        Muxes := 3     
	   2 Input     31 Bit        Muxes := 3     
	   8 Input     17 Bit        Muxes := 2     
	  11 Input     17 Bit        Muxes := 1     
	   8 Input     16 Bit        Muxes := 1     
	   2 Input      9 Bit        Muxes := 1     
	   2 Input      8 Bit        Muxes := 9     
	   8 Input      8 Bit        Muxes := 1     
	   4 Input      8 Bit        Muxes := 1     
	  17 Input      7 Bit        Muxes := 2     
	   5 Input      7 Bit        Muxes := 2     
	   2 Input      7 Bit        Muxes := 1     
	   4 Input      4 Bit        Muxes := 4     
	   2 Input      4 Bit        Muxes := 6     
	   8 Input      3 Bit        Muxes := 5     
	   8 Input      2 Bit        Muxes := 1     
	   8 Input      1 Bit        Muxes := 2     
	   9 Input      1 Bit        Muxes := 1     
	   2 Input      1 Bit        Muxes := 2     
---------------------------------------------------------------------------------
Finished RTL Component Statistics 
---------------------------------------------------------------------------------
---------------------------------------------------------------------------------
Start RTL Hierarchical Component Statistics 
---------------------------------------------------------------------------------
Hierarchical RTL Component report 
Module Computer 
Detailed RTL Component Info : 
+---Muxes : 
	   2 Input      7 Bit        Muxes := 1     
	   2 Input      1 Bit        Muxes := 1     
Module Instruction_Decoder 
Detailed RTL Component Info : 
+---Muxes : 
	   8 Input      3 Bit        Muxes := 5     
	   8 Input      2 Bit        Muxes := 1     
	   8 Input      1 Bit        Muxes := 2     
	   9 Input      1 Bit        Muxes := 1     
Module Load_Selector 
Detailed RTL Component Info : 
+---Muxes : 
	   2 Input      8 Bit        Muxes := 1     
Module Decoder_8 
Detailed RTL Component Info : 
+---Muxes : 
	   8 Input      8 Bit        Muxes := 1     
Module Register_8bit 
Detailed RTL Component Info : 
+---Registers : 
	                8 Bit    Registers := 1     
Module Divider 
Detailed RTL Component Info : 
+---Muxes : 
	   2 Input      8 Bit        Muxes := 2     
Module Comparator 
Detailed RTL Component Info : 
+---Muxes : 
	   2 Input      8 Bit        Muxes := 2     
Module BitwiseOperator 
Detailed RTL Component Info : 
+---XORs : 
	   2 Input      8 Bit         XORs := 1     
+---Muxes : 
	   4 Input      8 Bit        Muxes := 1     
Module AU 
Detailed RTL Component Info : 
+---Muxes : 
	   2 Input      8 Bit        Muxes := 4     
	   2 Input      1 Bit        Muxes := 1     
Module Program_ROM 
Detailed RTL Component Info : 
+---Muxes : 
	   8 Input     17 Bit        Muxes := 2     
	  11 Input     17 Bit        Muxes := 1     
	   8 Input     16 Bit        Muxes := 1     
Module Display_Driver 
Detailed RTL Component Info : 
+---Adders : 
	   2 Input      2 Bit       Adders := 1     
+---Registers : 
	                2 Bit    Registers := 1     
+---Muxes : 
	  17 Input      7 Bit        Muxes := 1     
	   5 Input      7 Bit        Muxes := 1     
	   4 Input      4 Bit        Muxes := 2     
Module Display_Driver_Nat 
Detailed RTL Component Info : 
+---Adders : 
	   2 Input     32 Bit       Adders := 2     
	   2 Input     31 Bit       Adders := 3     
	   2 Input      9 Bit       Adders := 1     
	   2 Input      4 Bit       Adders := 3     
	   2 Input      2 Bit       Adders := 1     
+---Registers : 
	                2 Bit    Registers := 1     
+---Muxes : 
	   2 Input     32 Bit        Muxes := 3     
	   2 Input     31 Bit        Muxes := 3     
	   2 Input      9 Bit        Muxes := 1     
	  17 Input      7 Bit        Muxes := 1     
	   5 Input      7 Bit        Muxes := 1     
	   2 Input      4 Bit        Muxes := 6     
	   4 Input      4 Bit        Muxes := 2     
---------------------------------------------------------------------------------
Finished RTL Hierarchical Component Statistics
---------------------------------------------------------------------------------
---------------------------------------------------------------------------------
Start Part Resource Summary
---------------------------------------------------------------------------------
Part Resources:
DSPs: 90 (col length:60)
BRAMs: 100 (col length: RAMB18 60 RAMB36 30)
---------------------------------------------------------------------------------
Finished Part Resource Summary
---------------------------------------------------------------------------------
---------------------------------------------------------------------------------
Start Cross Boundary and Area Optimization
---------------------------------------------------------------------------------
Warning: Parallel synthesis criteria is not met 
DSP Report: Generating DSP Product, operation Mode is: A*B.
DSP Report: operator Product is absorbed into DSP Product.
INFO: [Synth 8-5545] ROM "Hundreds1" won't be mapped to RAM because address size (32) is larger than maximum supported(25)
INFO: [Synth 8-5545] ROM "Tens1" won't be mapped to RAM because address size (32) is larger than maximum supported(25)
INFO: [Synth 8-5545] ROM "Ones1" won't be mapped to RAM because address size (32) is larger than maximum supported(25)
INFO: [Synth 8-5546] ROM "NP1/Arithmetic_Unit/Zero" won't be mapped to RAM because it is too sparse
INFO: [Synth 8-3886] merging instance 'NP1/RegisterBank/reg_0/Q_reg_reg[4]' (FDR) to 'NP1/RegisterBank/reg_0/Q_reg_reg[0]'
INFO: [Synth 8-3886] merging instance 'NP1/RegisterBank/reg_0/Q_reg_reg[0]' (FDR) to 'NP1/RegisterBank/reg_0/Q_reg_reg[1]'
INFO: [Synth 8-3886] merging instance 'NP1/RegisterBank/reg_0/Q_reg_reg[5]' (FDR) to 'NP1/RegisterBank/reg_0/Q_reg_reg[1]'
INFO: [Synth 8-3886] merging instance 'NP1/RegisterBank/reg_0/Q_reg_reg[1]' (FDR) to 'NP1/RegisterBank/reg_0/Q_reg_reg[2]'
INFO: [Synth 8-3886] merging instance 'NP1/RegisterBank/reg_0/Q_reg_reg[6]' (FDR) to 'NP1/RegisterBank/reg_0/Q_reg_reg[2]'
INFO: [Synth 8-3886] merging instance 'NP1/RegisterBank/reg_0/Q_reg_reg[2]' (FDR) to 'NP1/RegisterBank/reg_0/Q_reg_reg[3]'
INFO: [Synth 8-3886] merging instance 'NP1/RegisterBank/reg_0/Q_reg_reg[7]' (FDR) to 'NP1/RegisterBank/reg_0/Q_reg_reg[3]'
INFO: [Synth 8-3333] propagating constant 0 across sequential element (\NP1/RegisterBank/reg_0/Q_reg_reg[3] )
WARNING: [Synth 8-3332] Sequential element (NP1/RegisterBank/reg_0/Q_reg_reg[3]) is unused and will be removed from module Computer.
---------------------------------------------------------------------------------
Finished Cross Boundary and Area Optimization : Time (s): cpu = 00:00:20 ; elapsed = 00:00:23 . Memory (MB): peak = 861.039 ; gain = 489.484
---------------------------------------------------------------------------------
---------------------------------------------------------------------------------
Start ROM, RAM, DSP and Shift Register Reporting
---------------------------------------------------------------------------------

DSP: Preliminary Mapping  Report (see note below)
+------------+-------------+--------+--------+--------+--------+--------+------+------+------+------+-------+------+------+
|Module Name | DSP Mapping | A Size | B Size | C Size | D Size | P Size | AREG | BREG | CREG | DREG | ADREG | MREG | PREG | 
+------------+-------------+--------+--------+--------+--------+--------+------+------+------+------+-------+------+------+
|Multiplier  | A*B         | 8      | 8      | -      | -      | 16     | 0    | 0    | -    | -    | -     | 0    | 0    | 
+------------+-------------+--------+--------+--------+--------+--------+------+------+------+------+-------+------+------+

Note: The table above is a preliminary report that shows the DSPs inferred at the current stage of the synthesis flow. Some DSP may be reimplemented as non DSP primitives later in the synthesis flow. Multiple instantiated DSPs are reported only once.
---------------------------------------------------------------------------------
Finished ROM, RAM, DSP and Shift Register Reporting
---------------------------------------------------------------------------------

Report RTL Partitions: 
+-+--------------+------------+----------+
| |RTL Partition |Replication |Instances |
+-+--------------+------------+----------+
+-+--------------+------------+----------+
---------------------------------------------------------------------------------
Start Applying XDC Timing Constraints
---------------------------------------------------------------------------------
---------------------------------------------------------------------------------
Finished Applying XDC Timing Constraints : Time (s): cpu = 00:00:33 ; elapsed = 00:00:38 . Memory (MB): peak = 900.152 ; gain = 528.598
---------------------------------------------------------------------------------
---------------------------------------------------------------------------------
Start Timing Optimization
---------------------------------------------------------------------------------
---------------------------------------------------------------------------------
Finished Timing Optimization : Time (s): cpu = 00:00:33 ; elapsed = 00:00:38 . Memory (MB): peak = 901.539 ; gain = 529.984
---------------------------------------------------------------------------------

Report RTL Partitions: 
+-+--------------+------------+----------+
| |RTL Partition |Replication |Instances |
+-+--------------+------------+----------+
+-+--------------+------------+----------+
---------------------------------------------------------------------------------
Start Technology Mapping
---------------------------------------------------------------------------------
---------------------------------------------------------------------------------
Finished Technology Mapping : Time (s): cpu = 00:00:34 ; elapsed = 00:00:38 . Memory (MB): peak = 952.574 ; gain = 581.020
---------------------------------------------------------------------------------

Report RTL Partitions: 
+-+--------------+------------+----------+
| |RTL Partition |Replication |Instances |
+-+--------------+------------+----------+
+-+--------------+------------+----------+
---------------------------------------------------------------------------------
Start IO Insertion
---------------------------------------------------------------------------------
---------------------------------------------------------------------------------
Start Flattening Before IO Insertion
---------------------------------------------------------------------------------
---------------------------------------------------------------------------------
Finished Flattening Before IO Insertion
---------------------------------------------------------------------------------
---------------------------------------------------------------------------------
Start Final Netlist Cleanup
---------------------------------------------------------------------------------
---------------------------------------------------------------------------------
Finished Final Netlist Cleanup
---------------------------------------------------------------------------------
---------------------------------------------------------------------------------
Finished IO Insertion : Time (s): cpu = 00:00:35 ; elapsed = 00:00:39 . Memory (MB): peak = 952.574 ; gain = 581.020
---------------------------------------------------------------------------------

Report Check Netlist: 
+------+------------------+-------+---------+-------+------------------+
|      |Item              |Errors |Warnings |Status |Description       |
+------+------------------+-------+---------+-------+------------------+
|1     |multi_driven_nets |      0|        0|Passed |Multi driven nets |
+------+------------------+-------+---------+-------+------------------+
---------------------------------------------------------------------------------
Start Renaming Generated Instances
---------------------------------------------------------------------------------
---------------------------------------------------------------------------------
Finished Renaming Generated Instances : Time (s): cpu = 00:00:35 ; elapsed = 00:00:39 . Memory (MB): peak = 952.574 ; gain = 581.020
---------------------------------------------------------------------------------

Report RTL Partitions: 
+-+--------------+------------+----------+
| |RTL Partition |Replication |Instances |
+-+--------------+------------+----------+
+-+--------------+------------+----------+
---------------------------------------------------------------------------------
Start Rebuilding User Hierarchy
---------------------------------------------------------------------------------
---------------------------------------------------------------------------------
Finished Rebuilding User Hierarchy : Time (s): cpu = 00:00:35 ; elapsed = 00:00:40 . Memory (MB): peak = 952.574 ; gain = 581.020
---------------------------------------------------------------------------------
---------------------------------------------------------------------------------
Start Renaming Generated Ports
---------------------------------------------------------------------------------
---------------------------------------------------------------------------------
Finished Renaming Generated Ports : Time (s): cpu = 00:00:35 ; elapsed = 00:00:40 . Memory (MB): peak = 952.574 ; gain = 581.020
---------------------------------------------------------------------------------
---------------------------------------------------------------------------------
Start Handling Custom Attributes
---------------------------------------------------------------------------------
---------------------------------------------------------------------------------
Finished Handling Custom Attributes : Time (s): cpu = 00:00:35 ; elapsed = 00:00:40 . Memory (MB): peak = 952.574 ; gain = 581.020
---------------------------------------------------------------------------------
---------------------------------------------------------------------------------
Start Renaming Generated Nets
---------------------------------------------------------------------------------
---------------------------------------------------------------------------------
Finished Renaming Generated Nets : Time (s): cpu = 00:00:35 ; elapsed = 00:00:40 . Memory (MB): peak = 952.574 ; gain = 581.020
---------------------------------------------------------------------------------
---------------------------------------------------------------------------------
Start Writing Synthesis Report
---------------------------------------------------------------------------------

Report BlackBoxes: 
+------+-------------------+----------+
|      |BlackBox name      |Instances |
+------+-------------------+----------+
|1     |c_counter_binary_0 |         3|
|2     |c_addsub_0         |         1|
|3     |c_counter_binary_1 |         1|
+------+-------------------+----------+

Report Cell Usage: 
+------+-----------------------------+------+
|      |Cell                         |Count |
+------+-----------------------------+------+
|1     |c_addsub_0_bbox_3            |     1|
|2     |c_counter_binary_0_bbox_1    |     1|
|3     |c_counter_binary_0_bbox_4    |     1|
|4     |c_counter_binary_0_bbox_4__2 |     1|
|5     |c_counter_binary_1_bbox_2    |     1|
|6     |BUFG                         |     1|
|7     |CARRY4                       |   248|
|8     |DSP48E1                      |     1|
|9     |LUT1                         |    30|
|10    |LUT2                         |   256|
|11    |LUT3                         |   292|
|12    |LUT4                         |   236|
|13    |LUT5                         |   191|
|14    |LUT6                         |   592|
|15    |MUXF7                        |    13|
|16    |FDRE                         |    60|
|17    |IBUF                         |    11|
|18    |OBUF                         |    21|
+------+-----------------------------+------+

Report Instance Areas: 
+------+---------------------+----------------------------------------+------+
|      |Instance             |Module                                  |Cells |
+------+---------------------+----------------------------------------+------+
|1     |top                  |                                        |  2045|
|2     |  Driver2            |Display_Driver_Nat                      |    62|
|3     |    Selected_Address |MUX8                                    |    14|
|4     |    SlowClk          |Slow_Clk_Bin__parameterized1            |    27|
|5     |  Driver1            |Display_Driver                          |    35|
|6     |    SlowClk          |Slow_Clk_Bin__parameterized1__xdcDup__1 |    27|
|7     |  NP1                |NanoProcessor                           |  1042|
|8     |    Arithmetic_Unit  |AU                                      |   157|
|9     |      Comp           |Comparator                              |     1|
|10    |      Div            |Divider                                 |   139|
|11    |      Mult           |Multiplier                              |     8|
|12    |    PC               |Program_Counter                         |   158|
|13    |    RegisterBank     |Register_Bank                           |   727|
|14    |      reg_1          |Register_8bit                           |     9|
|15    |      reg_2          |Register_8bit_0                         |     8|
|16    |      reg_3          |Register_8bit_1                         |    16|
|17    |      reg_4          |Register_8bit_2                         |    56|
|18    |      reg_5          |Register_8bit_3                         |     8|
|19    |      reg_6          |Register_8bit_4                         |     8|
|20    |      reg_7          |Register_8bit_5                         |   622|
|21    |  SlowClk            |Slow_Clk_Bin                            |    28|
+------+---------------------+----------------------------------------+------+
---------------------------------------------------------------------------------
Finished Writing Synthesis Report : Time (s): cpu = 00:00:35 ; elapsed = 00:00:40 . Memory (MB): peak = 952.574 ; gain = 581.020
---------------------------------------------------------------------------------
Synthesis finished with 0 errors, 0 critical warnings and 1 warnings.
Synthesis Optimization Runtime : Time (s): cpu = 00:00:25 ; elapsed = 00:00:32 . Memory (MB): peak = 952.574 ; gain = 244.176
Synthesis Optimization Complete : Time (s): cpu = 00:00:35 ; elapsed = 00:00:40 . Memory (MB): peak = 952.574 ; gain = 581.020
INFO: [Project 1-571] Translating synthesized netlist
INFO: [Netlist 29-17] Analyzing 273 Unisim elements for replacement
INFO: [Netlist 29-28] Unisim Transformation completed in 0 CPU seconds
INFO: [Project 1-570] Preparing netlist for logic optimization
INFO: [Opt 31-138] Pushed 0 inverter(s) to 0 load pin(s).
INFO: [Project 1-111] Unisim Transformation Summary:
No Unisim elements were transformed.

INFO: [Common 17-83] Releasing license: Synthesis
112 Infos, 17 Warnings, 0 Critical Warnings and 0 Errors encountered.
synth_design completed successfully
synth_design: Time (s): cpu = 00:00:38 ; elapsed = 00:00:43 . Memory (MB): peak = 952.574 ; gain = 592.504
WARNING: [Constraints 18-5210] No constraint will be written out.
INFO: [Common 17-1381] The checkpoint 'C:/Users/ASUS TUF/Documents/Vivado/Nano_Alts/Exp 8 Bit/Exp.runs/synth_1/Computer.dcp' has been generated.
INFO: [runtcl-4] Executing : report_utilization -file Computer_utilization_synth.rpt -pb Computer_utilization_synth.pb
report_utilization: Time (s): cpu = 00:00:00 ; elapsed = 00:00:00.032 . Memory (MB): peak = 952.574 ; gain = 0.000
INFO: [Common 17-206] Exiting Vivado at Mon May 26 20:03:31 2025...
