
*** Running vivado
    with args -log Computer.vdi -applog -m64 -product Vivado -messageDb vivado.pb -mode batch -source Computer.tcl -notrace


****** Vivado v2018.2 (64-bit)
  **** SW Build 2258646 on Thu Jun 14 20:03:12 MDT 2018
  **** IP Build 2256618 on Thu Jun 14 22:10:49 MDT 2018
    ** Copyright 1986-2018 Xilinx, Inc. All Rights Reserved.

source Computer.tcl -notrace
Command: link_design -top Computer -part xc7a35tcpg236-1
Design is defaulting to srcset: sources_1
Design is defaulting to constrset: constrs_1
INFO: [Project 1-454] Reading design checkpoint 'c:/Users/ASUS TUF/Documents/Vivado/Nano_Alts/Lower5/Lab10.srcs/sources_1/ip/c_addsub_0/c_addsub_0.dcp' for cell 'NP1/Arithmetic_Unit/addsub_inst'
INFO: [Project 1-454] Reading design checkpoint 'c:/Users/ASUS TUF/Documents/Vivado/Nano_Alts/Lower5/Lab10.srcs/sources_1/ip/c_counter_binary_2/c_counter_binary_2.dcp' for cell 'NP1/PC/Counter'
INFO: [Project 1-454] Reading design checkpoint 'c:/Users/ASUS TUF/Documents/Vivado/Nano_Alts/Lower5/Lab10.srcs/sources_1/ip/c_counter_binary_0/c_counter_binary_0.dcp' for cell 'SlowClk/Counter'
INFO: [Netlist 29-17] Analyzing 8 Unisim elements for replacement
INFO: [Netlist 29-28] Unisim Transformation completed in 0 CPU seconds
INFO: [Project 1-479] Netlist was created with Vivado 2018.2
INFO: [Device 21-403] Loading part xc7a35tcpg236-1
INFO: [Project 1-570] Preparing netlist for logic optimization
Parsing XDC File [C:/Users/ASUS TUF/Documents/Vivado/Nano_Alts/Lower5/Lab10.srcs/constrs_1/imports/Basic/Basic_Constraints.xdc]
Finished Parsing XDC File [C:/Users/ASUS TUF/Documents/Vivado/Nano_Alts/Lower5/Lab10.srcs/constrs_1/imports/Basic/Basic_Constraints.xdc]
INFO: [Opt 31-138] Pushed 0 inverter(s) to 0 load pin(s).
INFO: [Project 1-111] Unisim Transformation Summary:
No Unisim elements were transformed.

10 Infos, 0 Warnings, 0 Critical Warnings and 0 Errors encountered.
link_design completed successfully
link_design: Time (s): cpu = 00:00:04 ; elapsed = 00:00:06 . Memory (MB): peak = 691.172 ; gain = 329.871
Command: opt_design -directive ExploreWithRemap
INFO: [Vivado_Tcl 4-136] Directive used for opt_design is: ExploreWithRemap
Attempting to get a license for feature 'Implementation' and/or device 'xc7a35t'
INFO: [Common 17-349] Got license for feature 'Implementation' and/or device 'xc7a35t'
Running DRC as a precondition to command opt_design

Starting DRC Task
INFO: [DRC 23-27] Running DRC with 2 threads
INFO: [Project 1-461] DRC finished with 0 Errors
INFO: [Project 1-462] Please refer to the DRC report (report_drc) for more information.

Time (s): cpu = 00:00:01 ; elapsed = 00:00:00.460 . Memory (MB): peak = 702.918 ; gain = 11.746

Starting Cache Timing Information Task
INFO: [Timing 38-35] Done setting XDC timing constraints.
Ending Cache Timing Information Task | Checksum: 1b867fdde

Time (s): cpu = 00:00:06 ; elapsed = 00:00:08 . Memory (MB): peak = 1189.773 ; gain = 486.855

Starting Logic Optimization Task

Phase 1 Retarget
INFO: [Opt 31-138] Pushed 1 inverter(s) to 2 load pin(s).
INFO: [Opt 31-49] Retargeted 0 cell(s).
Phase 1 Retarget | Checksum: 17f4a5a97

Time (s): cpu = 00:00:00 ; elapsed = 00:00:00.015 . Memory (MB): peak = 1189.773 ; gain = 0.000
INFO: [Opt 31-389] Phase Retarget created 0 cells and removed 0 cells

Phase 2 Constant propagation
INFO: [Opt 31-138] Pushed 0 inverter(s) to 0 load pin(s).
Phase 2 Constant propagation | Checksum: 17f4a5a97

Time (s): cpu = 00:00:00 ; elapsed = 00:00:00.018 . Memory (MB): peak = 1189.773 ; gain = 0.000
INFO: [Opt 31-389] Phase Constant propagation created 0 cells and removed 0 cells

Phase 3 BUFG optimization
Phase 3 BUFG optimization | Checksum: 17f4a5a97

Time (s): cpu = 00:00:00 ; elapsed = 00:00:00.025 . Memory (MB): peak = 1189.773 ; gain = 0.000
INFO: [Opt 31-662] Phase BUFG optimization created 0 cells of which 0 are BUFGs and removed 0 cells.

Phase 4 Shift Register Optimization
Phase 4 Shift Register Optimization | Checksum: 17f4a5a97

Time (s): cpu = 00:00:00 ; elapsed = 00:00:00.028 . Memory (MB): peak = 1189.773 ; gain = 0.000
INFO: [Opt 31-389] Phase Shift Register Optimization created 0 cells and removed 0 cells

Phase 5 Sweep
Phase 5 Sweep | Checksum: 22ee6c3e7

Time (s): cpu = 00:00:00 ; elapsed = 00:00:00.052 . Memory (MB): peak = 1189.773 ; gain = 0.000
INFO: [Opt 31-389] Phase Sweep created 0 cells and removed 0 cells

Phase 6 Constant propagation
INFO: [Opt 31-138] Pushed 0 inverter(s) to 0 load pin(s).
Phase 6 Constant propagation | Checksum: 22ee6c3e7

Time (s): cpu = 00:00:00 ; elapsed = 00:00:00.055 . Memory (MB): peak = 1189.773 ; gain = 0.000
INFO: [Opt 31-389] Phase Constant propagation created 0 cells and removed 0 cells

Phase 7 Sweep
Phase 7 Sweep | Checksum: 22ee6c3e7

Time (s): cpu = 00:00:00 ; elapsed = 00:00:00.063 . Memory (MB): peak = 1189.773 ; gain = 0.000
INFO: [Opt 31-389] Phase Sweep created 0 cells and removed 0 cells

Phase 8 Remap
Phase 8 Remap | Checksum: 22ee6c3e7

Time (s): cpu = 00:00:00 ; elapsed = 00:00:00.065 . Memory (MB): peak = 1189.773 ; gain = 0.000
INFO: [Opt 31-389] Phase Remap created 0 cells and removed 0 cells

Phase 9 Post Processing Netlist
Phase 9 Post Processing Netlist | Checksum: 22ee6c3e7

Time (s): cpu = 00:00:00 ; elapsed = 00:00:00.067 . Memory (MB): peak = 1189.773 ; gain = 0.000
INFO: [Opt 31-389] Phase Post Processing Netlist created 0 cells and removed 0 cells

Starting Connectivity Check Task

Time (s): cpu = 00:00:00 ; elapsed = 00:00:00 . Memory (MB): peak = 1189.773 ; gain = 0.000
Ending Logic Optimization Task | Checksum: 24d1f9fca

Time (s): cpu = 00:00:00 ; elapsed = 00:00:00.069 . Memory (MB): peak = 1189.773 ; gain = 0.000

Starting Power Optimization Task
INFO: [Pwropt 34-132] Skipping clock gating for clocks with a period < 2.00 ns.
Ending Power Optimization Task | Checksum: 24d1f9fca

Time (s): cpu = 00:00:00 ; elapsed = 00:00:00.005 . Memory (MB): peak = 1189.773 ; gain = 0.000

Starting Final Cleanup Task
Ending Final Cleanup Task | Checksum: 24d1f9fca

Time (s): cpu = 00:00:00 ; elapsed = 00:00:00 . Memory (MB): peak = 1189.773 ; gain = 0.000
INFO: [Common 17-83] Releasing license: Implementation
31 Infos, 0 Warnings, 0 Critical Warnings and 0 Errors encountered.
opt_design completed successfully
opt_design: Time (s): cpu = 00:00:07 ; elapsed = 00:00:09 . Memory (MB): peak = 1189.773 ; gain = 498.602
INFO: [Timing 38-480] Writing timing data to binary archive.
Writing placer database...
Writing XDEF routing.
Writing XDEF routing logical nets.
Writing XDEF routing special nets.
Write XDEF Complete: Time (s): cpu = 00:00:00 ; elapsed = 00:00:00.022 . Memory (MB): peak = 1189.773 ; gain = 0.000
INFO: [Common 17-1381] The checkpoint 'C:/Users/ASUS TUF/Documents/Vivado/Nano_Alts/Lower5/Lab10.runs/impl_4/Computer_opt.dcp' has been generated.
INFO: [runtcl-4] Executing : report_drc -file Computer_drc_opted.rpt -pb Computer_drc_opted.pb -rpx Computer_drc_opted.rpx
Command: report_drc -file Computer_drc_opted.rpt -pb Computer_drc_opted.pb -rpx Computer_drc_opted.rpx
INFO: [DRC 23-27] Running DRC with 2 threads
INFO: [Coretcl 2-168] The results of DRC are in file C:/Users/ASUS TUF/Documents/Vivado/Nano_Alts/Lower5/Lab10.runs/impl_4/Computer_drc_opted.rpt.
report_drc completed successfully
Command: place_design -directive Explore
Attempting to get a license for feature 'Implementation' and/or device 'xc7a35t'
INFO: [Common 17-349] Got license for feature 'Implementation' and/or device 'xc7a35t'
INFO: [DRC 23-27] Running DRC with 2 threads
INFO: [Vivado_Tcl 4-198] DRC finished with 0 Errors
INFO: [Vivado_Tcl 4-199] Please refer to the DRC report (report_drc) for more information.
Running DRC as a precondition to command place_design
INFO: [DRC 23-27] Running DRC with 2 threads
INFO: [Vivado_Tcl 4-198] DRC finished with 0 Errors
INFO: [Vivado_Tcl 4-199] Please refer to the DRC report (report_drc) for more information.

Starting Placer Task
INFO: [Place 46-5] The placer was invoked with the 'Explore' directive.
INFO: [Place 30-611] Multithreading enabled for place_design using a maximum of 2 CPUs

Phase 1 Placer Initialization

Phase 1.1 Placer Initialization Netlist Sorting
Netlist sorting complete. Time (s): cpu = 00:00:00 ; elapsed = 00:00:00 . Memory (MB): peak = 1189.773 ; gain = 0.000
Phase 1.1 Placer Initialization Netlist Sorting | Checksum: 16b66a8bc

Time (s): cpu = 00:00:00 ; elapsed = 00:00:00.006 . Memory (MB): peak = 1189.773 ; gain = 0.000
INFO: [Timing 38-35] Done setting XDC timing constraints.
INFO: [Opt 31-138] Pushed 0 inverter(s) to 0 load pin(s).
Netlist sorting complete. Time (s): cpu = 00:00:00 ; elapsed = 00:00:00 . Memory (MB): peak = 1196.473 ; gain = 0.000

Phase 1.2 IO Placement/ Clock Placement/ Build Placer Device
INFO: [Timing 38-35] Done setting XDC timing constraints.
Phase 1.2 IO Placement/ Clock Placement/ Build Placer Device | Checksum: 16b66a8bc

Time (s): cpu = 00:00:01 ; elapsed = 00:00:00.388 . Memory (MB): peak = 1196.473 ; gain = 6.699

Phase 1.3 Build Placer Netlist Model
Phase 1.3 Build Placer Netlist Model | Checksum: 1da081617

Time (s): cpu = 00:00:01 ; elapsed = 00:00:00.451 . Memory (MB): peak = 1203.109 ; gain = 13.336

Phase 1.4 Constrain Clocks/Macros
Phase 1.4 Constrain Clocks/Macros | Checksum: 1da081617

Time (s): cpu = 00:00:01 ; elapsed = 00:00:00.453 . Memory (MB): peak = 1203.109 ; gain = 13.336
Phase 1 Placer Initialization | Checksum: 1da081617

Time (s): cpu = 00:00:01 ; elapsed = 00:00:00.453 . Memory (MB): peak = 1203.109 ; gain = 13.336

Phase 2 Global Placement

Phase 2.1 Floorplanning
Phase 2.1 Floorplanning | Checksum: 1da081617

Time (s): cpu = 00:00:01 ; elapsed = 00:00:00.461 . Memory (MB): peak = 1203.109 ; gain = 13.336
WARNING: [Place 46-29] place_design is not in timing mode. Skip physical synthesis in placer
Phase 2 Global Placement | Checksum: 146905bf0

Time (s): cpu = 00:00:01 ; elapsed = 00:00:00.979 . Memory (MB): peak = 1203.109 ; gain = 13.336

Phase 3 Detail Placement

Phase 3.1 Commit Multi Column Macros
Phase 3.1 Commit Multi Column Macros | Checksum: 146905bf0

Time (s): cpu = 00:00:01 ; elapsed = 00:00:00.981 . Memory (MB): peak = 1203.109 ; gain = 13.336

Phase 3.2 Commit Most Macros & LUTRAMs
Phase 3.2 Commit Most Macros & LUTRAMs | Checksum: 216beb9b7

Time (s): cpu = 00:00:01 ; elapsed = 00:00:00.990 . Memory (MB): peak = 1203.109 ; gain = 13.336

Phase 3.3 Area Swap Optimization
Phase 3.3 Area Swap Optimization | Checksum: 1c2b2e5cd

Time (s): cpu = 00:00:01 ; elapsed = 00:00:00.996 . Memory (MB): peak = 1203.109 ; gain = 13.336

Phase 3.4 Pipeline Register Optimization
Phase 3.4 Pipeline Register Optimization | Checksum: 1c2b2e5cd

Time (s): cpu = 00:00:01 ; elapsed = 00:00:00.997 . Memory (MB): peak = 1203.109 ; gain = 13.336

Phase 3.5 Small Shape Detail Placement
Phase 3.5 Small Shape Detail Placement | Checksum: 26f383f17

Time (s): cpu = 00:00:02 ; elapsed = 00:00:01 . Memory (MB): peak = 1203.109 ; gain = 13.336

Phase 3.6 Re-assign LUT pins
Phase 3.6 Re-assign LUT pins | Checksum: 26f383f17

Time (s): cpu = 00:00:02 ; elapsed = 00:00:01 . Memory (MB): peak = 1203.109 ; gain = 13.336

Phase 3.7 Pipeline Register Optimization
Phase 3.7 Pipeline Register Optimization | Checksum: 26f383f17

Time (s): cpu = 00:00:02 ; elapsed = 00:00:01 . Memory (MB): peak = 1203.109 ; gain = 13.336
Phase 3 Detail Placement | Checksum: 26f383f17

Time (s): cpu = 00:00:02 ; elapsed = 00:00:01 . Memory (MB): peak = 1203.109 ; gain = 13.336

Phase 4 Post Placement Optimization and Clean-Up

Phase 4.1 Post Commit Optimization
Phase 4.1 Post Commit Optimization | Checksum: 26f383f17

Time (s): cpu = 00:00:02 ; elapsed = 00:00:01 . Memory (MB): peak = 1203.109 ; gain = 13.336

Phase 4.2 Post Placement Cleanup
Phase 4.2 Post Placement Cleanup | Checksum: 26f383f17

Time (s): cpu = 00:00:02 ; elapsed = 00:00:01 . Memory (MB): peak = 1203.109 ; gain = 13.336

Phase 4.3 Placer Reporting
Phase 4.3 Placer Reporting | Checksum: 26f383f17

Time (s): cpu = 00:00:02 ; elapsed = 00:00:01 . Memory (MB): peak = 1203.109 ; gain = 13.336

Phase 4.4 Final Placement Cleanup
Phase 4.4 Final Placement Cleanup | Checksum: 26f383f17

Time (s): cpu = 00:00:02 ; elapsed = 00:00:01 . Memory (MB): peak = 1203.109 ; gain = 13.336
Phase 4 Post Placement Optimization and Clean-Up | Checksum: 26f383f17

Time (s): cpu = 00:00:02 ; elapsed = 00:00:01 . Memory (MB): peak = 1203.109 ; gain = 13.336
Ending Placer Task | Checksum: 1a3b42e63

Time (s): cpu = 00:00:02 ; elapsed = 00:00:01 . Memory (MB): peak = 1203.109 ; gain = 13.336
INFO: [Common 17-83] Releasing license: Implementation
49 Infos, 1 Warnings, 0 Critical Warnings and 0 Errors encountered.
place_design completed successfully
INFO: [Timing 38-480] Writing timing data to binary archive.
Writing placer database...
Writing XDEF routing.
Writing XDEF routing logical nets.
Writing XDEF routing special nets.
Write XDEF Complete: Time (s): cpu = 00:00:00 ; elapsed = 00:00:00.024 . Memory (MB): peak = 1203.109 ; gain = 0.000
INFO: [Common 17-1381] The checkpoint 'C:/Users/ASUS TUF/Documents/Vivado/Nano_Alts/Lower5/Lab10.runs/impl_4/Computer_placed.dcp' has been generated.
INFO: [runtcl-4] Executing : report_io -file Computer_io_placed.rpt
report_io: Time (s): cpu = 00:00:00 ; elapsed = 00:00:00.022 . Memory (MB): peak = 1203.109 ; gain = 0.000
INFO: [runtcl-4] Executing : report_utilization -file Computer_utilization_placed.rpt -pb Computer_utilization_placed.pb
report_utilization: Time (s): cpu = 00:00:00 ; elapsed = 00:00:00.015 . Memory (MB): peak = 1203.109 ; gain = 0.000
INFO: [runtcl-4] Executing : report_control_sets -verbose -file Computer_control_sets_placed.rpt
report_control_sets: Time (s): cpu = 00:00:00 ; elapsed = 00:00:00 . Memory (MB): peak = 1203.109 ; gain = 0.000
Command: phys_opt_design -directive Explore
Attempting to get a license for feature 'Implementation' and/or device 'xc7a35t'
INFO: [Common 17-349] Got license for feature 'Implementation' and/or device 'xc7a35t'
INFO: [Vivado_Tcl 4-137] Directive used for phys_opt_design is: Explore
INFO: [Timing 38-35] Done setting XDC timing constraints.
Netlist sorting complete. Time (s): cpu = 00:00:00 ; elapsed = 00:00:00 . Memory (MB): peak = 1218.301 ; gain = 0.000

Starting Physical Synthesis Task

Phase 1 Physical Synthesis Initialization
INFO: [Physopt 32-721] Multithreading enabled for phys_opt_design using a maximum of 2 CPUs
INFO: [Physopt 32-619] Estimated Timing Summary | WNS=0.000 | TNS=0.000 |
Phase 1 Physical Synthesis Initialization | Checksum: 267459936

Time (s): cpu = 00:00:00 ; elapsed = 00:00:00.542 . Memory (MB): peak = 1218.301 ; gain = 0.000
INFO: [Physopt 32-619] Estimated Timing Summary | WNS=0.000 | TNS=0.000 |

Phase 2 Fanout Optimization
INFO: [Physopt 32-64] No nets found for fanout-optimization.
INFO: [Physopt 32-232] Optimized 0 net. Created 0 new instance.
INFO: [Physopt 32-775] End 1 Pass. Optimized 0 net or cell. Created 0 new cell, deleted 0 existing cell and moved 0 existing cell
Phase 2 Fanout Optimization | Checksum: 267459936

Time (s): cpu = 00:00:00 ; elapsed = 00:00:00.544 . Memory (MB): peak = 1218.301 ; gain = 0.000

Phase 3 Placement Based Optimization
INFO: [Physopt 32-661] Optimized 0 net.  Re-placed 0 instance.
INFO: [Physopt 32-775] End 1 Pass. Optimized 0 net or cell. Created 0 new cell, deleted 0 existing cell and moved 0 existing cell
Phase 3 Placement Based Optimization | Checksum: 267459936

Time (s): cpu = 00:00:00 ; elapsed = 00:00:00.544 . Memory (MB): peak = 1218.301 ; gain = 0.000

Phase 4 MultiInst Placement Optimization
INFO: [Physopt 32-661] Optimized 0 net.  Re-placed 0 instance.
INFO: [Physopt 32-775] End 1 Pass. Optimized 0 net or cell. Created 0 new cell, deleted 0 existing cell and moved 0 existing cell
Phase 4 MultiInst Placement Optimization | Checksum: 267459936

Time (s): cpu = 00:00:00 ; elapsed = 00:00:00.545 . Memory (MB): peak = 1218.301 ; gain = 0.000

Phase 5 Rewire
INFO: [Physopt 32-246] Starting Signal Push optimization...
INFO: [Physopt 32-241] No nets found for rewiring () optimization.
INFO: [Physopt 32-232] Optimized 0 net. Created 0 new instance.
INFO: [Physopt 32-775] End 1 Pass. Optimized 0 net or cell. Created 0 new cell, deleted 0 existing cell and moved 0 existing cell
Netlist sorting complete. Time (s): cpu = 00:00:00 ; elapsed = 00:00:00.001 . Memory (MB): peak = 1218.301 ; gain = 0.000
Phase 5 Rewire | Checksum: 267459936

Time (s): cpu = 00:00:00 ; elapsed = 00:00:00.546 . Memory (MB): peak = 1218.301 ; gain = 0.000

Phase 6 Critical Cell Optimization
INFO: [Physopt 32-68] No nets found for critical-cell optimization.
INFO: [Physopt 32-232] Optimized 0 net. Created 0 new instance.
INFO: [Physopt 32-775] End 1 Pass. Optimized 0 net or cell. Created 0 new cell, deleted 0 existing cell and moved 0 existing cell
Phase 6 Critical Cell Optimization | Checksum: 267459936

Time (s): cpu = 00:00:00 ; elapsed = 00:00:00.546 . Memory (MB): peak = 1218.301 ; gain = 0.000

Phase 7 Fanout Optimization
INFO: [Physopt 32-64] No nets found for fanout-optimization.
INFO: [Physopt 32-232] Optimized 0 net. Created 0 new instance.
INFO: [Physopt 32-775] End 1 Pass. Optimized 0 net or cell. Created 0 new cell, deleted 0 existing cell and moved 0 existing cell
Phase 7 Fanout Optimization | Checksum: 267459936

Time (s): cpu = 00:00:00 ; elapsed = 00:00:00.547 . Memory (MB): peak = 1218.301 ; gain = 0.000

Phase 8 Placement Based Optimization
INFO: [Physopt 32-661] Optimized 0 net.  Re-placed 0 instance.
INFO: [Physopt 32-775] End 1 Pass. Optimized 0 net or cell. Created 0 new cell, deleted 0 existing cell and moved 0 existing cell
Phase 8 Placement Based Optimization | Checksum: 267459936

Time (s): cpu = 00:00:00 ; elapsed = 00:00:00.548 . Memory (MB): peak = 1218.301 ; gain = 0.000

Phase 9 MultiInst Placement Optimization
INFO: [Physopt 32-661] Optimized 0 net.  Re-placed 0 instance.
INFO: [Physopt 32-775] End 1 Pass. Optimized 0 net or cell. Created 0 new cell, deleted 0 existing cell and moved 0 existing cell
Phase 9 MultiInst Placement Optimization | Checksum: 267459936

Time (s): cpu = 00:00:00 ; elapsed = 00:00:00.548 . Memory (MB): peak = 1218.301 ; gain = 0.000

Phase 10 Rewire
INFO: [Physopt 32-246] Starting Signal Push optimization...
INFO: [Physopt 32-241] No nets found for rewiring () optimization.
INFO: [Physopt 32-232] Optimized 0 net. Created 0 new instance.
INFO: [Physopt 32-775] End 1 Pass. Optimized 0 net or cell. Created 0 new cell, deleted 0 existing cell and moved 0 existing cell
Netlist sorting complete. Time (s): cpu = 00:00:00 ; elapsed = 00:00:00 . Memory (MB): peak = 1218.301 ; gain = 0.000
Phase 10 Rewire | Checksum: 267459936

Time (s): cpu = 00:00:00 ; elapsed = 00:00:00.549 . Memory (MB): peak = 1218.301 ; gain = 0.000

Phase 11 Critical Cell Optimization
INFO: [Physopt 32-68] No nets found for critical-cell optimization.
INFO: [Physopt 32-232] Optimized 0 net. Created 0 new instance.
INFO: [Physopt 32-775] End 1 Pass. Optimized 0 net or cell. Created 0 new cell, deleted 0 existing cell and moved 0 existing cell
Phase 11 Critical Cell Optimization | Checksum: 267459936

Time (s): cpu = 00:00:00 ; elapsed = 00:00:00.550 . Memory (MB): peak = 1218.301 ; gain = 0.000

Phase 12 Slr Crossing Optimization
Phase 12 Slr Crossing Optimization | Checksum: 267459936

Time (s): cpu = 00:00:00 ; elapsed = 00:00:00.550 . Memory (MB): peak = 1218.301 ; gain = 0.000

Phase 13 Fanout Optimization
INFO: [Physopt 32-64] No nets found for fanout-optimization.
INFO: [Physopt 32-232] Optimized 0 net. Created 0 new instance.
INFO: [Physopt 32-775] End 1 Pass. Optimized 0 net or cell. Created 0 new cell, deleted 0 existing cell and moved 0 existing cell
Phase 13 Fanout Optimization | Checksum: 267459936

Time (s): cpu = 00:00:00 ; elapsed = 00:00:00.551 . Memory (MB): peak = 1218.301 ; gain = 0.000

Phase 14 Placement Based Optimization
INFO: [Physopt 32-661] Optimized 0 net.  Re-placed 0 instance.
INFO: [Physopt 32-775] End 1 Pass. Optimized 0 net or cell. Created 0 new cell, deleted 0 existing cell and moved 0 existing cell
Phase 14 Placement Based Optimization | Checksum: 267459936

Time (s): cpu = 00:00:00 ; elapsed = 00:00:00.551 . Memory (MB): peak = 1218.301 ; gain = 0.000

Phase 15 MultiInst Placement Optimization
INFO: [Physopt 32-661] Optimized 0 net.  Re-placed 0 instance.
INFO: [Physopt 32-775] End 1 Pass. Optimized 0 net or cell. Created 0 new cell, deleted 0 existing cell and moved 0 existing cell
Phase 15 MultiInst Placement Optimization | Checksum: 267459936

Time (s): cpu = 00:00:00 ; elapsed = 00:00:00.552 . Memory (MB): peak = 1218.301 ; gain = 0.000

Phase 16 Rewire
INFO: [Physopt 32-246] Starting Signal Push optimization...
INFO: [Physopt 32-241] No nets found for rewiring () optimization.
INFO: [Physopt 32-232] Optimized 0 net. Created 0 new instance.
INFO: [Physopt 32-775] End 1 Pass. Optimized 0 net or cell. Created 0 new cell, deleted 0 existing cell and moved 0 existing cell
Netlist sorting complete. Time (s): cpu = 00:00:00 ; elapsed = 00:00:00.001 . Memory (MB): peak = 1218.301 ; gain = 0.000
Phase 16 Rewire | Checksum: 267459936

Time (s): cpu = 00:00:00 ; elapsed = 00:00:00.553 . Memory (MB): peak = 1218.301 ; gain = 0.000

Phase 17 Critical Cell Optimization
INFO: [Physopt 32-68] No nets found for critical-cell optimization.
INFO: [Physopt 32-232] Optimized 0 net. Created 0 new instance.
INFO: [Physopt 32-775] End 1 Pass. Optimized 0 net or cell. Created 0 new cell, deleted 0 existing cell and moved 0 existing cell
Phase 17 Critical Cell Optimization | Checksum: 267459936

Time (s): cpu = 00:00:00 ; elapsed = 00:00:00.553 . Memory (MB): peak = 1218.301 ; gain = 0.000

Phase 18 DSP Register Optimization
INFO: [Physopt 32-456] No candidate cells for DSP register optimization found in the design.
INFO: [Physopt 32-775] End 1 Pass. Optimized 0 net or cell. Created 0 new cell, deleted 0 existing cell and moved 0 existing cell
Phase 18 DSP Register Optimization | Checksum: 267459936

Time (s): cpu = 00:00:00 ; elapsed = 00:00:00.554 . Memory (MB): peak = 1218.301 ; gain = 0.000

Phase 19 BRAM Register Optimization
INFO: [Physopt 32-526] No candidate cells for BRAM register optimization found in the design
INFO: [Physopt 32-775] End 1 Pass. Optimized 0 net or cell. Created 0 new cell, deleted 0 existing cell and moved 0 existing cell
Phase 19 BRAM Register Optimization | Checksum: 267459936

Time (s): cpu = 00:00:00 ; elapsed = 00:00:00.554 . Memory (MB): peak = 1218.301 ; gain = 0.000

Phase 20 URAM Register Optimization
INFO: [Physopt 32-846] No candidate cells for URAM register optimization found in the design
INFO: [Physopt 32-775] End 1 Pass. Optimized 0 net or cell. Created 0 new cell, deleted 0 existing cell and moved 0 existing cell
Phase 20 URAM Register Optimization | Checksum: 267459936

Time (s): cpu = 00:00:00 ; elapsed = 00:00:00.555 . Memory (MB): peak = 1218.301 ; gain = 0.000

Phase 21 Shift Register Optimization
INFO: [Physopt 32-677] No candidate cells for Shift Register optimization found in the design
INFO: [Physopt 32-775] End 1 Pass. Optimized 0 net or cell. Created 0 new cell, deleted 0 existing cell and moved 0 existing cell
Phase 21 Shift Register Optimization | Checksum: 267459936

Time (s): cpu = 00:00:00 ; elapsed = 00:00:00.555 . Memory (MB): peak = 1218.301 ; gain = 0.000

Phase 22 DSP Register Optimization
INFO: [Physopt 32-456] No candidate cells for DSP register optimization found in the design.
INFO: [Physopt 32-775] End 1 Pass. Optimized 0 net or cell. Created 0 new cell, deleted 0 existing cell and moved 0 existing cell
Phase 22 DSP Register Optimization | Checksum: 267459936

Time (s): cpu = 00:00:00 ; elapsed = 00:00:00.556 . Memory (MB): peak = 1218.301 ; gain = 0.000

Phase 23 BRAM Register Optimization
INFO: [Physopt 32-526] No candidate cells for BRAM register optimization found in the design
INFO: [Physopt 32-775] End 1 Pass. Optimized 0 net or cell. Created 0 new cell, deleted 0 existing cell and moved 0 existing cell
Phase 23 BRAM Register Optimization | Checksum: 267459936

Time (s): cpu = 00:00:00 ; elapsed = 00:00:00.556 . Memory (MB): peak = 1218.301 ; gain = 0.000

Phase 24 URAM Register Optimization
INFO: [Physopt 32-846] No candidate cells for URAM register optimization found in the design
INFO: [Physopt 32-775] End 1 Pass. Optimized 0 net or cell. Created 0 new cell, deleted 0 existing cell and moved 0 existing cell
Phase 24 URAM Register Optimization | Checksum: 267459936

Time (s): cpu = 00:00:00 ; elapsed = 00:00:00.557 . Memory (MB): peak = 1218.301 ; gain = 0.000

Phase 25 Shift Register Optimization
INFO: [Physopt 32-677] No candidate cells for Shift Register optimization found in the design
INFO: [Physopt 32-775] End 1 Pass. Optimized 0 net or cell. Created 0 new cell, deleted 0 existing cell and moved 0 existing cell
Phase 25 Shift Register Optimization | Checksum: 267459936

Time (s): cpu = 00:00:00 ; elapsed = 00:00:00.557 . Memory (MB): peak = 1218.301 ; gain = 0.000

Phase 26 Critical Pin Optimization
INFO: [Physopt 32-607] No candidate nets found for critical-pin optimization.
INFO: [Physopt 32-608] Optimized 0 net.  Swapped 0 pin.
INFO: [Physopt 32-775] End 1 Pass. Optimized 0 net or cell. Created 0 new cell, deleted 0 existing cell and moved 0 existing cell
Phase 26 Critical Pin Optimization | Checksum: 267459936

Time (s): cpu = 00:00:00 ; elapsed = 00:00:00.558 . Memory (MB): peak = 1218.301 ; gain = 0.000

Phase 27 Very High Fanout Optimization
INFO: [Physopt 32-65] No nets found for high-fanout optimization.
INFO: [Physopt 32-232] Optimized 0 net. Created 0 new instance.
INFO: [Physopt 32-775] End 1 Pass. Optimized 0 net or cell. Created 0 new cell, deleted 0 existing cell and moved 0 existing cell
Phase 27 Very High Fanout Optimization | Checksum: 267459936

Time (s): cpu = 00:00:00 ; elapsed = 00:00:00.558 . Memory (MB): peak = 1218.301 ; gain = 0.000

Phase 28 Placement Based Optimization
INFO: [Physopt 32-661] Optimized 0 net.  Re-placed 0 instance.
INFO: [Physopt 32-775] End 1 Pass. Optimized 0 net or cell. Created 0 new cell, deleted 0 existing cell and moved 0 existing cell
Phase 28 Placement Based Optimization | Checksum: 267459936

Time (s): cpu = 00:00:00 ; elapsed = 00:00:00.559 . Memory (MB): peak = 1218.301 ; gain = 0.000

Phase 29 MultiInst Placement Optimization
INFO: [Physopt 32-661] Optimized 0 net.  Re-placed 0 instance.
INFO: [Physopt 32-775] End 1 Pass. Optimized 0 net or cell. Created 0 new cell, deleted 0 existing cell and moved 0 existing cell
Phase 29 MultiInst Placement Optimization | Checksum: 267459936

Time (s): cpu = 00:00:00 ; elapsed = 00:00:00.560 . Memory (MB): peak = 1218.301 ; gain = 0.000

Phase 30 Critical Path Optimization
INFO: [Physopt 32-619] Estimated Timing Summary | WNS=0.000 | TNS=0.000 |
INFO: [Physopt 32-619] Estimated Timing Summary | WNS=0.000 | TNS=0.000 |
Phase 30 Critical Path Optimization | Checksum: 267459936

Time (s): cpu = 00:00:00 ; elapsed = 00:00:00.560 . Memory (MB): peak = 1218.301 ; gain = 0.000

Phase 31 BRAM Enable Optimization
Phase 31 BRAM Enable Optimization | Checksum: 267459936

Time (s): cpu = 00:00:00 ; elapsed = 00:00:00.561 . Memory (MB): peak = 1218.301 ; gain = 0.000
Netlist sorting complete. Time (s): cpu = 00:00:00 ; elapsed = 00:00:00 . Memory (MB): peak = 1218.301 ; gain = 0.000
INFO: [Physopt 32-603] Post Physical Optimization Timing Summary | WNS=0.000 | TNS=0.000 |

Summary of Physical Synthesis Optimizations
============================================


--------------------------------------------------------------------------------------------------------------------------------------------------------------------
|  Optimization          |  WNS Gain (ns)  |  TNS Gain (ns)  |  Added Cells  |  Removed Cells  |  Optimized Cells/Nets  |  Dont Touch  |  Iterations  |  Elapsed   |
--------------------------------------------------------------------------------------------------------------------------------------------------------------------
|  Fanout                |          0.000  |          0.000  |            0  |              0  |                     0  |           0  |           3  |  00:00:00  |
|  Placement Based       |          0.000  |          0.000  |            0  |              0  |                     0  |           0  |           4  |  00:00:00  |
|  MultiInst Placement   |          0.000  |          0.000  |            0  |              0  |                     0  |           0  |           4  |  00:00:00  |
|  Rewire                |          0.000  |          0.000  |            0  |              0  |                     0  |           0  |           3  |  00:00:00  |
|  Critical Cell         |          0.000  |          0.000  |            0  |              0  |                     0  |           0  |           3  |  00:00:00  |
|  Slr Crossing          |          0.000  |          0.000  |            0  |              0  |                     0  |           0  |           1  |  00:00:00  |
|  DSP Register          |          0.000  |          0.000  |            0  |              0  |                     0  |           0  |           2  |  00:00:00  |
|  BRAM Register         |          0.000  |          0.000  |            0  |              0  |                     0  |           0  |           2  |  00:00:00  |
|  URAM Register         |          0.000  |          0.000  |            0  |              0  |                     0  |           0  |           2  |  00:00:00  |
|  Shift Register        |          0.000  |          0.000  |            0  |              0  |                     0  |           0  |           2  |  00:00:00  |
|  Critical Pin          |          0.000  |          0.000  |            0  |              0  |                     0  |           0  |           1  |  00:00:00  |
|  Very High Fanout      |          0.000  |          0.000  |            0  |              0  |                     0  |           0  |           1  |  00:00:00  |
|  BRAM Enable           |          0.000  |          0.000  |            0  |              0  |                     0  |           0  |           1  |  00:00:00  |
|  Critical Path         |          0.000  |          0.000  |            0  |              0  |                     0  |           0  |           1  |  00:00:00  |
|  Total                 |          0.000  |          0.000  |            0  |              0  |                     0  |           0  |          30  |  00:00:00  |
--------------------------------------------------------------------------------------------------------------------------------------------------------------------


Ending Physical Synthesis Task | Checksum: 267459936

Time (s): cpu = 00:00:00 ; elapsed = 00:00:00.565 . Memory (MB): peak = 1218.301 ; gain = 0.000
INFO: [Common 17-83] Releasing license: Implementation
132 Infos, 1 Warnings, 0 Critical Warnings and 0 Errors encountered.
phys_opt_design completed successfully
INFO: [Timing 38-480] Writing timing data to binary archive.
Writing placer database...
Writing XDEF routing.
Writing XDEF routing logical nets.
Writing XDEF routing special nets.
Write XDEF Complete: Time (s): cpu = 00:00:01 ; elapsed = 00:00:00.024 . Memory (MB): peak = 1220.703 ; gain = 2.402
INFO: [Common 17-1381] The checkpoint 'C:/Users/ASUS TUF/Documents/Vivado/Nano_Alts/Lower5/Lab10.runs/impl_4/Computer_physopt.dcp' has been generated.
Command: route_design -directive NoTimingRelaxation -tns_cleanup
Attempting to get a license for feature 'Implementation' and/or device 'xc7a35t'
INFO: [Common 17-349] Got license for feature 'Implementation' and/or device 'xc7a35t'
Running DRC as a precondition to command route_design
INFO: [DRC 23-27] Running DRC with 2 threads
INFO: [Vivado_Tcl 4-198] DRC finished with 0 Errors
INFO: [Vivado_Tcl 4-199] Please refer to the DRC report (report_drc) for more information.


Starting Routing Task
INFO: [Route 35-270] Using Router directive 'NoTimingRelaxation'.
INFO: [Route 35-254] Multithreading enabled for route_design using a maximum of 2 CPUs
Checksum: PlaceDB: edbe23a4 ConstDB: 0 ShapeSum: df4f92cb RouteDB: 0

Phase 1 Build RT Design
Phase 1 Build RT Design | Checksum: 108e4ccd7

Time (s): cpu = 00:00:13 ; elapsed = 00:00:12 . Memory (MB): peak = 1346.250 ; gain = 119.508
Post Restoration Checksum: NetGraph: 2a4f488a NumContArr: de95844d Constraints: 0 Timing: 0

Phase 2 Router Initialization

Phase 2.1 Create Timer
Phase 2.1 Create Timer | Checksum: 108e4ccd7

Time (s): cpu = 00:00:13 ; elapsed = 00:00:12 . Memory (MB): peak = 1346.250 ; gain = 119.508

Phase 2.2 Fix Topology Constraints
Phase 2.2 Fix Topology Constraints | Checksum: 108e4ccd7

Time (s): cpu = 00:00:13 ; elapsed = 00:00:12 . Memory (MB): peak = 1346.250 ; gain = 119.508

Phase 2.3 Pre Route Cleanup
Phase 2.3 Pre Route Cleanup | Checksum: 108e4ccd7

Time (s): cpu = 00:00:13 ; elapsed = 00:00:12 . Memory (MB): peak = 1346.250 ; gain = 119.508
 Number of Nodes with overlaps = 0

Phase 2.4 Update Timing
Phase 2.4 Update Timing | Checksum: e95b836c

Time (s): cpu = 00:00:13 ; elapsed = 00:00:12 . Memory (MB): peak = 1346.250 ; gain = 119.508
Phase 2 Router Initialization | Checksum: e95b836c

Time (s): cpu = 00:00:13 ; elapsed = 00:00:12 . Memory (MB): peak = 1346.250 ; gain = 119.508

Phase 3 Initial Routing
Phase 3 Initial Routing | Checksum: 1b7855330

Time (s): cpu = 00:00:13 ; elapsed = 00:00:12 . Memory (MB): peak = 1346.250 ; gain = 119.508

Phase 4 Rip-up And Reroute

Phase 4.1 Global Iteration 0
 Number of Nodes with overlaps = 4
 Number of Nodes with overlaps = 0
Phase 4.1 Global Iteration 0 | Checksum: c5e3a790

Time (s): cpu = 00:00:13 ; elapsed = 00:00:12 . Memory (MB): peak = 1346.250 ; gain = 119.508
Phase 4 Rip-up And Reroute | Checksum: c5e3a790

Time (s): cpu = 00:00:13 ; elapsed = 00:00:12 . Memory (MB): peak = 1346.250 ; gain = 119.508

Phase 5 Delay and Skew Optimization

Phase 5.1 TNS Cleanup

Phase 5.1.1 Delay CleanUp
Phase 5.1.1 Delay CleanUp | Checksum: c5e3a790

Time (s): cpu = 00:00:13 ; elapsed = 00:00:12 . Memory (MB): peak = 1346.250 ; gain = 119.508
Phase 5.1 TNS Cleanup | Checksum: c5e3a790

Time (s): cpu = 00:00:13 ; elapsed = 00:00:12 . Memory (MB): peak = 1346.250 ; gain = 119.508

Phase 5.2 Clock Skew Optimization
Phase 5.2 Clock Skew Optimization | Checksum: c5e3a790

Time (s): cpu = 00:00:13 ; elapsed = 00:00:12 . Memory (MB): peak = 1346.250 ; gain = 119.508
Phase 5 Delay and Skew Optimization | Checksum: c5e3a790

Time (s): cpu = 00:00:13 ; elapsed = 00:00:12 . Memory (MB): peak = 1346.250 ; gain = 119.508

Phase 6 Post Hold Fix

Phase 6.1 Hold Fix Iter

Phase 6.1.1 Update Timing
Phase 6.1.1 Update Timing | Checksum: c5e3a790

Time (s): cpu = 00:00:13 ; elapsed = 00:00:12 . Memory (MB): peak = 1346.250 ; gain = 119.508
Phase 6.1 Hold Fix Iter | Checksum: c5e3a790

Time (s): cpu = 00:00:13 ; elapsed = 00:00:12 . Memory (MB): peak = 1346.250 ; gain = 119.508
Phase 6 Post Hold Fix | Checksum: c5e3a790

Time (s): cpu = 00:00:13 ; elapsed = 00:00:12 . Memory (MB): peak = 1346.250 ; gain = 119.508

Phase 7 Route finalize

Router Utilization Summary
  Global Vertical Routing Utilization    = 0.0205692 %
  Global Horizontal Routing Utilization  = 0.0338365 %
  Routable Net Status*
  *Does not include unroutable nets such as driverless and loadless.
  Run report_route_status for detailed report.
  Number of Failed Nets               = 0
  Number of Unrouted Nets             = 0
  Number of Partially Routed Nets     = 0
  Number of Node Overlaps             = 0

Phase 7 Route finalize | Checksum: c5e3a790

Time (s): cpu = 00:00:13 ; elapsed = 00:00:12 . Memory (MB): peak = 1346.250 ; gain = 119.508

Phase 8 Verifying routed nets

 Verification completed successfully
Phase 8 Verifying routed nets | Checksum: c5e3a790

Time (s): cpu = 00:00:13 ; elapsed = 00:00:12 . Memory (MB): peak = 1346.250 ; gain = 119.508

Phase 9 Depositing Routes
Phase 9 Depositing Routes | Checksum: 100795736

Time (s): cpu = 00:00:13 ; elapsed = 00:00:12 . Memory (MB): peak = 1346.250 ; gain = 119.508

Phase 10 Post Router Timing
INFO: [Route 35-20] Post Routing Timing Summary | WNS=inf    | TNS=0.000  | WHS=inf    | THS=0.000  |

INFO: [Route 35-61] The design met the timing requirement.
Phase 10 Post Router Timing | Checksum: 100795736

Time (s): cpu = 00:00:13 ; elapsed = 00:00:12 . Memory (MB): peak = 1346.250 ; gain = 119.508
INFO: [Route 35-16] Router Completed Successfully

Time (s): cpu = 00:00:13 ; elapsed = 00:00:12 . Memory (MB): peak = 1346.250 ; gain = 119.508

Routing Is Done.
INFO: [Common 17-83] Releasing license: Implementation
144 Infos, 1 Warnings, 0 Critical Warnings and 0 Errors encountered.
route_design completed successfully
route_design: Time (s): cpu = 00:00:14 ; elapsed = 00:00:12 . Memory (MB): peak = 1346.250 ; gain = 119.508
INFO: [Timing 38-480] Writing timing data to binary archive.
Writing placer database...
Writing XDEF routing.
Writing XDEF routing logical nets.
Writing XDEF routing special nets.
Write XDEF Complete: Time (s): cpu = 00:00:00 ; elapsed = 00:00:00.027 . Memory (MB): peak = 1346.250 ; gain = 0.000
INFO: [Common 17-1381] The checkpoint 'C:/Users/ASUS TUF/Documents/Vivado/Nano_Alts/Lower5/Lab10.runs/impl_4/Computer_routed.dcp' has been generated.
INFO: [runtcl-4] Executing : report_drc -file Computer_drc_routed.rpt -pb Computer_drc_routed.pb -rpx Computer_drc_routed.rpx
Command: report_drc -file Computer_drc_routed.rpt -pb Computer_drc_routed.pb -rpx Computer_drc_routed.rpx
INFO: [DRC 23-27] Running DRC with 2 threads
INFO: [Coretcl 2-168] The results of DRC are in file C:/Users/ASUS TUF/Documents/Vivado/Nano_Alts/Lower5/Lab10.runs/impl_4/Computer_drc_routed.rpt.
report_drc completed successfully
INFO: [runtcl-4] Executing : report_methodology -file Computer_methodology_drc_routed.rpt -pb Computer_methodology_drc_routed.pb -rpx Computer_methodology_drc_routed.rpx
Command: report_methodology -file Computer_methodology_drc_routed.rpt -pb Computer_methodology_drc_routed.pb -rpx Computer_methodology_drc_routed.rpx
INFO: [Timing 38-35] Done setting XDC timing constraints.
INFO: [Timing 38-35] Done setting XDC timing constraints.
INFO: [DRC 23-133] Running Methodology with 2 threads
INFO: [Coretcl 2-1520] The results of Report Methodology are in file C:/Users/ASUS TUF/Documents/Vivado/Nano_Alts/Lower5/Lab10.runs/impl_4/Computer_methodology_drc_routed.rpt.
report_methodology completed successfully
INFO: [runtcl-4] Executing : report_power -file Computer_power_routed.rpt -pb Computer_power_summary_routed.pb -rpx Computer_power_routed.rpx
Command: report_power -file Computer_power_routed.rpt -pb Computer_power_summary_routed.pb -rpx Computer_power_routed.rpx
INFO: [Timing 38-35] Done setting XDC timing constraints.
Running Vector-less Activity Propagation...

Finished Running Vector-less Activity Propagation
156 Infos, 1 Warnings, 0 Critical Warnings and 0 Errors encountered.
report_power completed successfully
INFO: [runtcl-4] Executing : report_route_status -file Computer_route_status.rpt -pb Computer_route_status.pb
INFO: [runtcl-4] Executing : report_timing_summary -max_paths 10 -file Computer_timing_summary_routed.rpt -pb Computer_timing_summary_routed.pb -rpx Computer_timing_summary_routed.rpx
INFO: [Timing 38-91] UpdateTimingParams: Speed grade: -1, Delay Type: min_max, Timing Stage: Requireds.
INFO: [Timing 38-191] Multithreading enabled for timing update using a maximum of 2 CPUs
INFO: [runtcl-4] Executing : report_incremental_reuse -file Computer_incremental_reuse_routed.rpt
INFO: [Vivado_Tcl 4-545] No incremental reuse to report, no incremental placement and routing data was found.
INFO: [runtcl-4] Executing : report_clock_utilization -file Computer_clock_utilization_routed.rpt
INFO: [runtcl-4] Executing : report_bus_skew -warn_on_violation -file Computer_bus_skew_routed.rpt -pb Computer_bus_skew_routed.pb -rpx Computer_bus_skew_routed.rpx
INFO: [Timing 38-91] UpdateTimingParams: Speed grade: -1, Delay Type: min_max, Timing Stage: Requireds.
INFO: [Timing 38-191] Multithreading enabled for timing update using a maximum of 2 CPUs
Command: phys_opt_design -directive Explore
Attempting to get a license for feature 'Implementation' and/or device 'xc7a35t'
INFO: [Common 17-349] Got license for feature 'Implementation' and/or device 'xc7a35t'
INFO: [Vivado_Tcl 4-241] Physical synthesis in post route mode ( 100.0% nets are fully routed)
INFO: [Vivado_Tcl 4-137] Directive used for phys_opt_design is: Explore
INFO: [Vivado_Tcl 4-383] Design worst setup slack (WNS) is greater than or equal to 0.000 ns. Skipping all physical synthesis optimizations.
INFO: [Vivado_Tcl 4-232] No setup violation found. The netlist was not modified.
INFO: [Common 17-83] Releasing license: Implementation
172 Infos, 1 Warnings, 0 Critical Warnings and 0 Errors encountered.
phys_opt_design completed successfully
INFO: [Timing 38-480] Writing timing data to binary archive.
Writing placer database...
Writing XDEF routing.
Writing XDEF routing logical nets.
Writing XDEF routing special nets.
Write XDEF Complete: Time (s): cpu = 00:00:00 ; elapsed = 00:00:00.026 . Memory (MB): peak = 1346.250 ; gain = 0.000
INFO: [Common 17-1381] The checkpoint 'C:/Users/ASUS TUF/Documents/Vivado/Nano_Alts/Lower5/Lab10.runs/impl_4/Computer_postroute_physopt.dcp' has been generated.
INFO: [runtcl-4] Executing : report_timing_summary -max_paths 10 -warn_on_violation -file Computer_timing_summary_postroute_physopted.rpt -pb Computer_timing_summary_postroute_physopted.pb -rpx Computer_timing_summary_postroute_physopted.rpx
INFO: [Timing 38-91] UpdateTimingParams: Speed grade: -1, Delay Type: min_max, Timing Stage: Requireds.
INFO: [Timing 38-191] Multithreading enabled for timing update using a maximum of 2 CPUs
INFO: [runtcl-4] Executing : report_bus_skew -warn_on_violation -file Computer_bus_skew_postroute_physopted.rpt -pb Computer_bus_skew_postroute_physopted.pb -rpx Computer_bus_skew_postroute_physopted.rpx
INFO: [Timing 38-91] UpdateTimingParams: Speed grade: -1, Delay Type: min_max, Timing Stage: Requireds.
INFO: [Timing 38-191] Multithreading enabled for timing update using a maximum of 2 CPUs
Command: write_bitstream -force Computer.bit
Attempting to get a license for feature 'Implementation' and/or device 'xc7a35t'
INFO: [Common 17-349] Got license for feature 'Implementation' and/or device 'xc7a35t'
Running DRC as a precondition to command write_bitstream
INFO: [DRC 23-27] Running DRC with 2 threads
WARNING: [DRC CFGBVS-1] Missing CFGBVS and CONFIG_VOLTAGE Design Properties: Neither the CFGBVS nor CONFIG_VOLTAGE voltage property is set in the current_design.  Configuration bank voltage select (CFGBVS) must be set to VCCO or GND, and CONFIG_VOLTAGE must be set to the correct configuration voltage, in order to determine the I/O voltage support for the pins in bank 0.  It is suggested to specify these either using the 'Edit Device Properties' function in the GUI or directly in the XDC file using the following syntax:

 set_property CFGBVS value1 [current_design]
 #where value1 is either VCCO or GND

 set_property CONFIG_VOLTAGE value2 [current_design]
 #where value2 is the voltage provided to configuration bank 0

Refer to the device configuration user guide for more information.
WARNING: [DRC DPIP-1] Input pipelining: DSP NP1/Arithmetic_Unit/addsub_inst/U0/xst_addsub/xbip_addsub.i_a_b_nogrowth.not_unsigned_max_width.i_xbip_addsub/addsub_usecase.i_addsub/i_synth_option.i_synth_model/opt_vx7.i_uniwrap/i_primitive input NP1/Arithmetic_Unit/addsub_inst/U0/xst_addsub/xbip_addsub.i_a_b_nogrowth.not_unsigned_max_width.i_xbip_addsub/addsub_usecase.i_addsub/i_synth_option.i_synth_model/opt_vx7.i_uniwrap/i_primitive/B[17:0] is not pipelined. Pipelining DSP48 input will improve performance.
WARNING: [DRC DPIP-1] Input pipelining: DSP NP1/Arithmetic_Unit/addsub_inst/U0/xst_addsub/xbip_addsub.i_a_b_nogrowth.not_unsigned_max_width.i_xbip_addsub/addsub_usecase.i_addsub/i_synth_option.i_synth_model/opt_vx7.i_uniwrap/i_primitive input NP1/Arithmetic_Unit/addsub_inst/U0/xst_addsub/xbip_addsub.i_a_b_nogrowth.not_unsigned_max_width.i_xbip_addsub/addsub_usecase.i_addsub/i_synth_option.i_synth_model/opt_vx7.i_uniwrap/i_primitive/C[47:0] is not pipelined. Pipelining DSP48 input will improve performance.
WARNING: [DRC DPIP-1] Input pipelining: DSP NP1/PC/Counter/U0/i_synth/i_baseip.i_xbip_counter/i_dsp48.i_dsp/i_vx7.i_dsp48e_wrap/i_primitive input NP1/PC/Counter/U0/i_synth/i_baseip.i_xbip_counter/i_dsp48.i_dsp/i_vx7.i_dsp48e_wrap/i_primitive/C[47:0] is not pipelined. Pipelining DSP48 input will improve performance.
WARNING: [DRC DPOP-1] PREG Output pipelining: DSP NP1/Arithmetic_Unit/addsub_inst/U0/xst_addsub/xbip_addsub.i_a_b_nogrowth.not_unsigned_max_width.i_xbip_addsub/addsub_usecase.i_addsub/i_synth_option.i_synth_model/opt_vx7.i_uniwrap/i_primitive output NP1/Arithmetic_Unit/addsub_inst/U0/xst_addsub/xbip_addsub.i_a_b_nogrowth.not_unsigned_max_width.i_xbip_addsub/addsub_usecase.i_addsub/i_synth_option.i_synth_model/opt_vx7.i_uniwrap/i_primitive/P[47:0] is not pipelined (PREG=0). Pipelining the DSP48 output will improve performance and often saves power so it is suggested whenever possible to fully pipeline this function.  If this DSP48 function was inferred, it is suggested to describe an additional register stage after this function.  If the DSP48 was instantiated in the design, it is suggested to set the PREG attribute to 1.
INFO: [DRC AVAL-4] enum_USE_DPORT_FALSE_enum_DREG_ADREG_0_connects_CED_CEAD_RSTD_GND: NP1/Arithmetic_Unit/addsub_inst/U0/xst_addsub/xbip_addsub.i_a_b_nogrowth.not_unsigned_max_width.i_xbip_addsub/addsub_usecase.i_addsub/i_synth_option.i_synth_model/opt_vx7.i_uniwrap/i_primitive: DSP48E1 is not using the D port (USE_DPORT = FALSE). For improved power characteristics, set DREG and ADREG to '1', tie CED, CEAD, and RSTD to logic '0'.
INFO: [DRC AVAL-5] enum_USE_MULT_NONE_enum_DREG_ADREG_0_connects_CED_CEAD_RSTD_GND: NP1/Arithmetic_Unit/addsub_inst/U0/xst_addsub/xbip_addsub.i_a_b_nogrowth.not_unsigned_max_width.i_xbip_addsub/addsub_usecase.i_addsub/i_synth_option.i_synth_model/opt_vx7.i_uniwrap/i_primitive: DSP48E1 is not using the Multiplier (USE_MULT = NONE). For improved power characteristics, set DREG and ADREG to '1', tie CED, CEAD, and RSTD to logic '0'.
INFO: [DRC AVAL-5] enum_USE_MULT_NONE_enum_DREG_ADREG_0_connects_CED_CEAD_RSTD_GND: NP1/PC/Counter/U0/i_synth/i_baseip.i_xbip_counter/i_dsp48.i_dsp/i_vx7.i_dsp48e_wrap/i_primitive: DSP48E1 is not using the Multiplier (USE_MULT = NONE). For improved power characteristics, set DREG and ADREG to '1', tie CED, CEAD, and RSTD to logic '0'.
INFO: [DRC AVAL-5] enum_USE_MULT_NONE_enum_DREG_ADREG_0_connects_CED_CEAD_RSTD_GND: SlowClk/Counter/U0/i_synth/i_baseip.i_xbip_counter/i_dsp48.i_dsp/i_vx7.i_dsp48e_wrap/i_primitive: DSP48E1 is not using the Multiplier (USE_MULT = NONE). For improved power characteristics, set DREG and ADREG to '1', tie CED, CEAD, and RSTD to logic '0'.
INFO: [Vivado 12-3199] DRC finished with 0 Errors, 5 Warnings, 4 Advisories
INFO: [Vivado 12-3200] Please refer to the DRC report (report_drc) for more information.
INFO: [Designutils 20-2272] Running write_bitstream with 2 threads.
Loading data files...
Loading site data...
Loading route data...
Processing options...
Creating bitmap...
Creating bitstream...
Writing bitstream ./Computer.bit...
INFO: [Vivado 12-1842] Bitgen Completed Successfully.
INFO: [Project 1-120] WebTalk data collection is mandatory when using a WebPACK part without a full Vivado license. To see the specific WebTalk data collected for your design, open the usage_statistics_webtalk.html or usage_statistics_webtalk.xml file in the implementation directory.
Access is denied.
Access is denied.
INFO: [Common 17-83] Releasing license: Implementation
192 Infos, 6 Warnings, 0 Critical Warnings and 0 Errors encountered.
write_bitstream completed successfully
write_bitstream: Time (s): cpu = 00:00:08 ; elapsed = 00:00:07 . Memory (MB): peak = 1669.016 ; gain = 322.766
INFO: [Common 17-206] Exiting Vivado at Sun May 25 15:00:29 2025...

*** Running vivado
    with args -log Computer.vdi -applog -m64 -product Vivado -messageDb vivado.pb -mode batch -source Computer.tcl -notrace


****** Vivado v2018.2 (64-bit)
  **** SW Build 2258646 on Thu Jun 14 20:03:12 MDT 2018
  **** IP Build 2256618 on Thu Jun 14 22:10:49 MDT 2018
    ** Copyright 1986-2018 Xilinx, Inc. All Rights Reserved.

source Computer.tcl -notrace
Command: open_checkpoint Computer_postroute_physopt.dcp

Starting open_checkpoint Task

Time (s): cpu = 00:00:01 ; elapsed = 00:00:00.040 . Memory (MB): peak = 238.094 ; gain = 0.000
INFO: [Netlist 29-17] Analyzing 8 Unisim elements for replacement
INFO: [Netlist 29-28] Unisim Transformation completed in 0 CPU seconds
INFO: [Project 1-479] Netlist was created with Vivado 2018.2
INFO: [Device 21-403] Loading part xc7a35tcpg236-1
INFO: [Project 1-570] Preparing netlist for logic optimization
INFO: [Timing 38-478] Restoring timing data from binary archive.
INFO: [Timing 38-479] Binary timing data restore complete.
INFO: [Project 1-856] Restoring constraints from binary archive.
INFO: [Project 1-853] Binary constraint restore complete.
Reading XDEF placement.
Reading placer database...
Reading XDEF routing.
Read XDEF File: Time (s): cpu = 00:00:00 ; elapsed = 00:00:00.177 . Memory (MB): peak = 1133.297 ; gain = 0.000
Restored from archive | CPU: 0.000000 secs | Memory: 0.000000 MB |
Finished XDEF File Restore: Time (s): cpu = 00:00:00 ; elapsed = 00:00:00.177 . Memory (MB): peak = 1133.297 ; gain = 0.000
INFO: [Project 1-111] Unisim Transformation Summary:
No Unisim elements were transformed.

INFO: [Project 1-604] Checkpoint was created with Vivado v2018.2 (64-bit) build 2258646
open_checkpoint: Time (s): cpu = 00:00:22 ; elapsed = 00:00:27 . Memory (MB): peak = 1133.297 ; gain = 903.965
Command: write_bitstream -force Computer.bit
Attempting to get a license for feature 'Implementation' and/or device 'xc7a35t'
INFO: [Common 17-349] Got license for feature 'Implementation' and/or device 'xc7a35t'
Running DRC as a precondition to command write_bitstream
INFO: [IP_Flow 19-234] Refreshing IP repositories
INFO: [IP_Flow 19-1704] No user IP repositories specified
INFO: [IP_Flow 19-2313] Loaded Vivado IP repository 'C:/Xilinx/Vivado/2018.2/data/ip'.
INFO: [DRC 23-27] Running DRC with 2 threads
WARNING: [DRC CFGBVS-1] Missing CFGBVS and CONFIG_VOLTAGE Design Properties: Neither the CFGBVS nor CONFIG_VOLTAGE voltage property is set in the current_design.  Configuration bank voltage select (CFGBVS) must be set to VCCO or GND, and CONFIG_VOLTAGE must be set to the correct configuration voltage, in order to determine the I/O voltage support for the pins in bank 0.  It is suggested to specify these either using the 'Edit Device Properties' function in the GUI or directly in the XDC file using the following syntax:

 set_property CFGBVS value1 [current_design]
 #where value1 is either VCCO or GND

 set_property CONFIG_VOLTAGE value2 [current_design]
 #where value2 is the voltage provided to configuration bank 0

Refer to the device configuration user guide for more information.
WARNING: [DRC DPIP-1] Input pipelining: DSP NP1/Arithmetic_Unit/addsub_inst/U0/xst_addsub/xbip_addsub.i_a_b_nogrowth.not_unsigned_max_width.i_xbip_addsub/addsub_usecase.i_addsub/i_synth_option.i_synth_model/opt_vx7.i_uniwrap/i_primitive input NP1/Arithmetic_Unit/addsub_inst/U0/xst_addsub/xbip_addsub.i_a_b_nogrowth.not_unsigned_max_width.i_xbip_addsub/addsub_usecase.i_addsub/i_synth_option.i_synth_model/opt_vx7.i_uniwrap/i_primitive/B[17:0] is not pipelined. Pipelining DSP48 input will improve performance.
WARNING: [DRC DPIP-1] Input pipelining: DSP NP1/Arithmetic_Unit/addsub_inst/U0/xst_addsub/xbip_addsub.i_a_b_nogrowth.not_unsigned_max_width.i_xbip_addsub/addsub_usecase.i_addsub/i_synth_option.i_synth_model/opt_vx7.i_uniwrap/i_primitive input NP1/Arithmetic_Unit/addsub_inst/U0/xst_addsub/xbip_addsub.i_a_b_nogrowth.not_unsigned_max_width.i_xbip_addsub/addsub_usecase.i_addsub/i_synth_option.i_synth_model/opt_vx7.i_uniwrap/i_primitive/C[47:0] is not pipelined. Pipelining DSP48 input will improve performance.
WARNING: [DRC DPIP-1] Input pipelining: DSP NP1/PC/Counter/U0/i_synth/i_baseip.i_xbip_counter/i_dsp48.i_dsp/i_vx7.i_dsp48e_wrap/i_primitive input NP1/PC/Counter/U0/i_synth/i_baseip.i_xbip_counter/i_dsp48.i_dsp/i_vx7.i_dsp48e_wrap/i_primitive/C[47:0] is not pipelined. Pipelining DSP48 input will improve performance.
WARNING: [DRC DPOP-1] PREG Output pipelining: DSP NP1/Arithmetic_Unit/addsub_inst/U0/xst_addsub/xbip_addsub.i_a_b_nogrowth.not_unsigned_max_width.i_xbip_addsub/addsub_usecase.i_addsub/i_synth_option.i_synth_model/opt_vx7.i_uniwrap/i_primitive output NP1/Arithmetic_Unit/addsub_inst/U0/xst_addsub/xbip_addsub.i_a_b_nogrowth.not_unsigned_max_width.i_xbip_addsub/addsub_usecase.i_addsub/i_synth_option.i_synth_model/opt_vx7.i_uniwrap/i_primitive/P[47:0] is not pipelined (PREG=0). Pipelining the DSP48 output will improve performance and often saves power so it is suggested whenever possible to fully pipeline this function.  If this DSP48 function was inferred, it is suggested to describe an additional register stage after this function.  If the DSP48 was instantiated in the design, it is suggested to set the PREG attribute to 1.
INFO: [DRC AVAL-4] enum_USE_DPORT_FALSE_enum_DREG_ADREG_0_connects_CED_CEAD_RSTD_GND: NP1/Arithmetic_Unit/addsub_inst/U0/xst_addsub/xbip_addsub.i_a_b_nogrowth.not_unsigned_max_width.i_xbip_addsub/addsub_usecase.i_addsub/i_synth_option.i_synth_model/opt_vx7.i_uniwrap/i_primitive: DSP48E1 is not using the D port (USE_DPORT = FALSE). For improved power characteristics, set DREG and ADREG to '1', tie CED, CEAD, and RSTD to logic '0'.
INFO: [DRC AVAL-5] enum_USE_MULT_NONE_enum_DREG_ADREG_0_connects_CED_CEAD_RSTD_GND: NP1/Arithmetic_Unit/addsub_inst/U0/xst_addsub/xbip_addsub.i_a_b_nogrowth.not_unsigned_max_width.i_xbip_addsub/addsub_usecase.i_addsub/i_synth_option.i_synth_model/opt_vx7.i_uniwrap/i_primitive: DSP48E1 is not using the Multiplier (USE_MULT = NONE). For improved power characteristics, set DREG and ADREG to '1', tie CED, CEAD, and RSTD to logic '0'.
INFO: [DRC AVAL-5] enum_USE_MULT_NONE_enum_DREG_ADREG_0_connects_CED_CEAD_RSTD_GND: NP1/PC/Counter/U0/i_synth/i_baseip.i_xbip_counter/i_dsp48.i_dsp/i_vx7.i_dsp48e_wrap/i_primitive: DSP48E1 is not using the Multiplier (USE_MULT = NONE). For improved power characteristics, set DREG and ADREG to '1', tie CED, CEAD, and RSTD to logic '0'.
INFO: [DRC AVAL-5] enum_USE_MULT_NONE_enum_DREG_ADREG_0_connects_CED_CEAD_RSTD_GND: SlowClk/Counter/U0/i_synth/i_baseip.i_xbip_counter/i_dsp48.i_dsp/i_vx7.i_dsp48e_wrap/i_primitive: DSP48E1 is not using the Multiplier (USE_MULT = NONE). For improved power characteristics, set DREG and ADREG to '1', tie CED, CEAD, and RSTD to logic '0'.
INFO: [Vivado 12-3199] DRC finished with 0 Errors, 5 Warnings, 4 Advisories
INFO: [Vivado 12-3200] Please refer to the DRC report (report_drc) for more information.
INFO: [Designutils 20-2272] Running write_bitstream with 2 threads.
Loading data files...
Loading site data...
Loading route data...
Processing options...
Creating bitmap...
Creating bitstream...
Writing bitstream ./Computer.bit...
INFO: [Vivado 12-1842] Bitgen Completed Successfully.
INFO: [Project 1-120] WebTalk data collection is mandatory when using a WebPACK part without a full Vivado license. To see the specific WebTalk data collected for your design, open the usage_statistics_webtalk.html or usage_statistics_webtalk.xml file in the implementation directory.
Access is denied.
Access is denied.
INFO: [Common 17-83] Releasing license: Implementation
26 Infos, 5 Warnings, 0 Critical Warnings and 0 Errors encountered.
write_bitstream completed successfully
write_bitstream: Time (s): cpu = 00:00:18 ; elapsed = 00:00:17 . Memory (MB): peak = 1603.969 ; gain = 470.672
INFO: [Common 17-206] Exiting Vivado at Mon May 26 20:27:54 2025...
