Copyright 1986-2018 Xilinx, Inc. All Rights Reserved.
----------------------------------------------------------------------------------------------------------------------------------------------
| Tool Version     : Vivado v.2018.2 (win64) Build 2258646 Thu Jun 14 20:03:12 MDT 2018
| Date             : Mon May 26 20:04:59 2025
| Host             : Bimsara running 64-bit major release  (build 9200)
| Command          : report_power -file Computer_power_routed.rpt -pb Computer_power_summary_routed.pb -rpx Computer_power_routed.rpx
| Design           : Computer
| Device           : xc7a35tcpg236-1
| Design State     : routed
| Grade            : commercial
| Process          : typical
| Characterization : Production
----------------------------------------------------------------------------------------------------------------------------------------------

Power Report

Table of Contents
-----------------
1. Summary
1.1 On-Chip Components
1.2 Power Supply Summary
1.3 Confidence Level
2. Settings
2.1 Environment
2.2 Clock Constraints
3. Detailed Reports
3.1 By Hierarchy

1. Summary
----------

+--------------------------+--------------+
| Total On-Chip Power (W)  | 0.155        |
| Design Power Budget (W)  | Unspecified* |
| Power Budget Margin (W)  | NA           |
| Dynamic (W)              | 0.083        |
| Device Static (W)        | 0.072        |
| Effective TJA (C/W)      | 5.0          |
| Max Ambient (C)          | 84.2         |
| Junction Temperature (C) | 25.8         |
| Confidence Level         | Low          |
| Setting File             | ---          |
| Simulation Activity File | ---          |
| Design Nets Matched      | NA           |
+--------------------------+--------------+
* Specify Design Power Budget using, set_operating_conditions -design_power_budget <value in Watts>


1.1 On-Chip Components
----------------------

+----------------+-----------+----------+-----------+-----------------+
| On-Chip        | Power (W) | Used     | Available | Utilization (%) |
+----------------+-----------+----------+-----------+-----------------+
| Clocks         |    <0.001 |        3 |       --- |             --- |
| Slice Logic    |     0.021 |     1947 |       --- |             --- |
|   LUT as Logic |     0.020 |     1378 |     20800 |            6.63 |
|   CARRY4       |     0.001 |      248 |      8150 |            3.04 |
|   F7/F8 Muxes  |    <0.001 |       13 |     32600 |            0.04 |
|   Register     |    <0.001 |       60 |     41600 |            0.14 |
|   BUFG         |    <0.001 |        1 |        32 |            3.13 |
|   Others       |     0.000 |       28 |       --- |             --- |
| Signals        |     0.018 |     1579 |       --- |             --- |
| DSPs           |     0.001 |        6 |        90 |            6.67 |
| I/O            |     0.042 |       32 |       106 |           30.19 |
| Static Power   |     0.072 |          |           |                 |
| Total          |     0.155 |          |           |                 |
+----------------+-----------+----------+-----------+-----------------+


1.2 Power Supply Summary
------------------------

+-----------+-------------+-----------+-------------+------------+
| Source    | Voltage (V) | Total (A) | Dynamic (A) | Static (A) |
+-----------+-------------+-----------+-------------+------------+
| Vccint    |       1.000 |     0.051 |       0.041 |      0.010 |
| Vccaux    |       1.800 |     0.014 |       0.002 |      0.013 |
| Vcco33    |       3.300 |     0.013 |       0.012 |      0.001 |
| Vcco25    |       2.500 |     0.000 |       0.000 |      0.000 |
| Vcco18    |       1.800 |     0.000 |       0.000 |      0.000 |
| Vcco15    |       1.500 |     0.000 |       0.000 |      0.000 |
| Vcco135   |       1.350 |     0.000 |       0.000 |      0.000 |
| Vcco12    |       1.200 |     0.000 |       0.000 |      0.000 |
| Vccaux_io |       1.800 |     0.000 |       0.000 |      0.000 |
| Vccbram   |       1.000 |     0.000 |       0.000 |      0.000 |
| MGTAVcc   |       1.000 |     0.000 |       0.000 |      0.000 |
| MGTAVtt   |       1.200 |     0.000 |       0.000 |      0.000 |
| Vccadc    |       1.800 |     0.020 |       0.000 |      0.020 |
+-----------+-------------+-----------+-------------+------------+


1.3 Confidence Level
--------------------

+-----------------------------+------------+--------------------------------------------------------+--------------------------------------------------------------------------------------------------------------------+
| User Input Data             | Confidence | Details                                                | Action                                                                                                             |
+-----------------------------+------------+--------------------------------------------------------+--------------------------------------------------------------------------------------------------------------------+
| Design implementation state | High       | Design is routed                                       |                                                                                                                    |
| Clock nodes activity        | Low        | User specified less than 75% of clocks                 | Provide missing clock activity with a constraint file, simulation results or by editing the "By Clock Domain" view |
| I/O nodes activity          | Low        | More than 75% of inputs are missing user specification | Provide missing input activity with simulation results or by editing the "By Resource Type -> I/Os" view           |
| Internal nodes activity     | Medium     | User specified less than 25% of internal nodes         | Provide missing internal nodes activity with simulation results or by editing the "By Resource Type" views         |
| Device models               | High       | Device models are Production                           |                                                                                                                    |
|                             |            |                                                        |                                                                                                                    |
| Overall confidence level    | Low        |                                                        |                                                                                                                    |
+-----------------------------+------------+--------------------------------------------------------+--------------------------------------------------------------------------------------------------------------------+


2. Settings
-----------

2.1 Environment
---------------

+-----------------------+--------------------------+
| Ambient Temp (C)      | 25.0                     |
| ThetaJA (C/W)         | 5.0                      |
| Airflow (LFM)         | 250                      |
| Heat Sink             | medium (Medium Profile)  |
| ThetaSA (C/W)         | 4.6                      |
| Board Selection       | medium (10"x10")         |
| # of Board Layers     | 12to15 (12 to 15 Layers) |
| Board Temperature (C) | 25.0                     |
+-----------------------+--------------------------+


2.2 Clock Constraints
---------------------

+-------------+--------+-----------------+
| Clock       | Domain | Constraint (ns) |
+-------------+--------+-----------------+
| sys_clk_pin | Clk    |            10.0 |
+-------------+--------+-----------------+


3. Detailed Reports
-------------------

3.1 By Hierarchy
----------------

+-----------------------------------------------------------------------------+-----------+
| Name                                                                        | Power (W) |
+-----------------------------------------------------------------------------+-----------+
| Computer                                                                    |     0.083 |
|   Driver1                                                                   |    <0.001 |
|     SlowClk                                                                 |    <0.001 |
|       Counter                                                               |    <0.001 |
|         U0                                                                  |    <0.001 |
|           i_synth                                                           |    <0.001 |
|             i_baseip.i_xbip_counter                                         |    <0.001 |
|               i_dsp48.i_dsp                                                 |    <0.001 |
|                 i_vx7.i_dsp48e_wrap                                         |    <0.001 |
|   Driver2                                                                   |    <0.001 |
|     Selected_Address                                                        |    <0.001 |
|     SlowClk                                                                 |    <0.001 |
|       Counter                                                               |    <0.001 |
|         U0                                                                  |    <0.001 |
|           i_synth                                                           |    <0.001 |
|             i_baseip.i_xbip_counter                                         |    <0.001 |
|               i_dsp48.i_dsp                                                 |    <0.001 |
|                 i_vx7.i_dsp48e_wrap                                         |    <0.001 |
|   NP1                                                                       |     0.018 |
|     Arithmetic_Unit                                                         |     0.004 |
|       Comp                                                                  |    <0.001 |
|       Div                                                                   |     0.002 |
|       Mult                                                                  |    <0.001 |
|       addsub                                                                |    <0.001 |
|         U0                                                                  |    <0.001 |
|           xst_addsub                                                        |    <0.001 |
|             xbip_addsub.i_a_b_nogrowth.not_unsigned_max_width.i_xbip_addsub |    <0.001 |
|               addsub_usecase.i_addsub                                       |    <0.001 |
|                 i_synth_option.i_synth_model                                |    <0.001 |
|                   opt_vx7.i_uniwrap                                         |    <0.001 |
|     PC                                                                      |     0.004 |
|       Counter                                                               |    <0.001 |
|         U0                                                                  |    <0.001 |
|           i_synth                                                           |    <0.001 |
|             i_baseip.i_xbip_counter                                         |    <0.001 |
|               i_dsp48.i_dsp                                                 |    <0.001 |
|                 i_vx7.i_dsp48e_wrap                                         |    <0.001 |
|     RegisterBank                                                            |     0.011 |
|       reg_1                                                                 |    <0.001 |
|       reg_2                                                                 |    <0.001 |
|       reg_3                                                                 |    <0.001 |
|       reg_4                                                                 |    <0.001 |
|       reg_5                                                                 |    <0.001 |
|       reg_6                                                                 |    <0.001 |
|       reg_7                                                                 |     0.010 |
|   SlowClk                                                                   |    <0.001 |
|     Counter                                                                 |    <0.001 |
|       U0                                                                    |    <0.001 |
|         i_synth                                                             |    <0.001 |
|           i_baseip.i_xbip_counter                                           |    <0.001 |
|             i_dsp48.i_dsp                                                   |    <0.001 |
|               i_vx7.i_dsp48e_wrap                                           |    <0.001 |
+-----------------------------------------------------------------------------+-----------+


