
*** Running vivado
    with args -log Computer.vdi -applog -m64 -product Vivado -messageDb vivado.pb -mode batch -source Computer.tcl -notrace


****** Vivado v2018.2 (64-bit)
  **** SW Build 2258646 on Thu Jun 14 20:03:12 MDT 2018
  **** IP Build 2256618 on Thu Jun 14 22:10:49 MDT 2018
    ** Copyright 1986-2018 Xilinx, Inc. All Rights Reserved.

source Computer.tcl -notrace
Command: link_design -top Computer -part xc7a35tcpg236-1
Design is defaulting to srcset: sources_1
Design is defaulting to constrset: constrs_1
INFO: [Project 1-454] Reading design checkpoint 'c:/Users/ASUS TUF/Documents/Vivado/Nano_Alts/Exp 8 Bit/Exp.srcs/sources_1/ip/c_counter_binary_0/c_counter_binary_0.dcp' for cell 'Driver1/SlowClk/Counter'
INFO: [Project 1-454] Reading design checkpoint 'c:/Users/ASUS TUF/Documents/Vivado/Nano_Alts/Exp 8 Bit/Exp.srcs/sources_1/ip/c_addsub_0/c_addsub_0.dcp' for cell 'NP1/Arithmetic_Unit/addsub'
INFO: [Project 1-454] Reading design checkpoint 'c:/Users/ASUS TUF/Documents/Vivado/Nano_Alts/Exp 8 Bit/Exp.srcs/sources_1/ip/c_counter_binary_1/c_counter_binary_1.dcp' for cell 'NP1/PC/Counter'
INFO: [Netlist 29-17] Analyzing 278 Unisim elements for replacement
INFO: [Netlist 29-28] Unisim Transformation completed in 0 CPU seconds
INFO: [Project 1-479] Netlist was created with Vivado 2018.2
INFO: [Device 21-403] Loading part xc7a35tcpg236-1
INFO: [Project 1-570] Preparing netlist for logic optimization
Parsing XDC File [C:/Users/ASUS TUF/Documents/Vivado/Nano_Alts/Exp 8 Bit/Exp.srcs/constrs_1/imports/Basic/Basic_Constraints.xdc]
Finished Parsing XDC File [C:/Users/ASUS TUF/Documents/Vivado/Nano_Alts/Exp 8 Bit/Exp.srcs/constrs_1/imports/Basic/Basic_Constraints.xdc]
INFO: [Opt 31-138] Pushed 0 inverter(s) to 0 load pin(s).
INFO: [Project 1-111] Unisim Transformation Summary:
No Unisim elements were transformed.

10 Infos, 0 Warnings, 0 Critical Warnings and 0 Errors encountered.
link_design completed successfully
link_design: Time (s): cpu = 00:00:08 ; elapsed = 00:00:10 . Memory (MB): peak = 697.668 ; gain = 336.203
Command: opt_design
Attempting to get a license for feature 'Implementation' and/or device 'xc7a35t'
INFO: [Common 17-349] Got license for feature 'Implementation' and/or device 'xc7a35t'
Running DRC as a precondition to command opt_design

Starting DRC Task
INFO: [DRC 23-27] Running DRC with 2 threads
INFO: [Project 1-461] DRC finished with 0 Errors
INFO: [Project 1-462] Please refer to the DRC report (report_drc) for more information.

Time (s): cpu = 00:00:02 ; elapsed = 00:00:00.960 . Memory (MB): peak = 709.234 ; gain = 11.566

Starting Cache Timing Information Task
INFO: [Timing 38-35] Done setting XDC timing constraints.
Ending Cache Timing Information Task | Checksum: 12fd2061a

Time (s): cpu = 00:00:12 ; elapsed = 00:00:15 . Memory (MB): peak = 1215.496 ; gain = 506.262

Starting Logic Optimization Task

Phase 1 Retarget
INFO: [Opt 31-138] Pushed 1 inverter(s) to 2 load pin(s).
INFO: [Opt 31-49] Retargeted 0 cell(s).
Phase 1 Retarget | Checksum: de9145ac

Time (s): cpu = 00:00:01 ; elapsed = 00:00:00.261 . Memory (MB): peak = 1215.496 ; gain = 0.000
INFO: [Opt 31-389] Phase Retarget created 0 cells and removed 0 cells

Phase 2 Constant propagation
INFO: [Opt 31-138] Pushed 0 inverter(s) to 0 load pin(s).
Phase 2 Constant propagation | Checksum: 17c304221

Time (s): cpu = 00:00:01 ; elapsed = 00:00:00.337 . Memory (MB): peak = 1215.496 ; gain = 0.000
INFO: [Opt 31-389] Phase Constant propagation created 0 cells and removed 0 cells

Phase 3 Sweep
Phase 3 Sweep | Checksum: 11bbefd8b

Time (s): cpu = 00:00:01 ; elapsed = 00:00:00.498 . Memory (MB): peak = 1215.496 ; gain = 0.000
INFO: [Opt 31-389] Phase Sweep created 0 cells and removed 0 cells

Phase 4 BUFG optimization
Phase 4 BUFG optimization | Checksum: 11bbefd8b

Time (s): cpu = 00:00:01 ; elapsed = 00:00:00.630 . Memory (MB): peak = 1215.496 ; gain = 0.000
INFO: [Opt 31-662] Phase BUFG optimization created 0 cells of which 0 are BUFGs and removed 0 cells.

Phase 5 Shift Register Optimization
Phase 5 Shift Register Optimization | Checksum: 10e917dad

Time (s): cpu = 00:00:01 ; elapsed = 00:00:00.776 . Memory (MB): peak = 1215.496 ; gain = 0.000
INFO: [Opt 31-389] Phase Shift Register Optimization created 0 cells and removed 0 cells

Phase 6 Post Processing Netlist
Phase 6 Post Processing Netlist | Checksum: 10e917dad

Time (s): cpu = 00:00:01 ; elapsed = 00:00:00.801 . Memory (MB): peak = 1215.496 ; gain = 0.000
INFO: [Opt 31-389] Phase Post Processing Netlist created 0 cells and removed 0 cells

Starting Connectivity Check Task

Time (s): cpu = 00:00:00 ; elapsed = 00:00:00.006 . Memory (MB): peak = 1215.496 ; gain = 0.000
Ending Logic Optimization Task | Checksum: 10e917dad

Time (s): cpu = 00:00:01 ; elapsed = 00:00:00.819 . Memory (MB): peak = 1215.496 ; gain = 0.000

Starting Power Optimization Task
INFO: [Pwropt 34-132] Skipping clock gating for clocks with a period < 2.00 ns.
Ending Power Optimization Task | Checksum: 10e917dad

Time (s): cpu = 00:00:00 ; elapsed = 00:00:00.012 . Memory (MB): peak = 1215.496 ; gain = 0.000

Starting Final Cleanup Task
Ending Final Cleanup Task | Checksum: 10e917dad

Time (s): cpu = 00:00:00 ; elapsed = 00:00:00.001 . Memory (MB): peak = 1215.496 ; gain = 0.000
INFO: [Common 17-83] Releasing license: Implementation
26 Infos, 0 Warnings, 0 Critical Warnings and 0 Errors encountered.
opt_design completed successfully
opt_design: Time (s): cpu = 00:00:15 ; elapsed = 00:00:17 . Memory (MB): peak = 1215.496 ; gain = 517.828
INFO: [Timing 38-480] Writing timing data to binary archive.
Writing placer database...
Writing XDEF routing.
Writing XDEF routing logical nets.
Writing XDEF routing special nets.
Write XDEF Complete: Time (s): cpu = 00:00:00 ; elapsed = 00:00:00.054 . Memory (MB): peak = 1215.496 ; gain = 0.000
INFO: [Common 17-1381] The checkpoint 'C:/Users/ASUS TUF/Documents/Vivado/Nano_Alts/Exp 8 Bit/Exp.runs/impl_1/Computer_opt.dcp' has been generated.
INFO: [runtcl-4] Executing : report_drc -file Computer_drc_opted.rpt -pb Computer_drc_opted.pb -rpx Computer_drc_opted.rpx
Command: report_drc -file Computer_drc_opted.rpt -pb Computer_drc_opted.pb -rpx Computer_drc_opted.rpx
INFO: [DRC 23-27] Running DRC with 2 threads
INFO: [Coretcl 2-168] The results of DRC are in file C:/Users/ASUS TUF/Documents/Vivado/Nano_Alts/Exp 8 Bit/Exp.runs/impl_1/Computer_drc_opted.rpt.
report_drc completed successfully
Command: place_design
Attempting to get a license for feature 'Implementation' and/or device 'xc7a35t'
INFO: [Common 17-349] Got license for feature 'Implementation' and/or device 'xc7a35t'
INFO: [DRC 23-27] Running DRC with 2 threads
INFO: [Vivado_Tcl 4-198] DRC finished with 0 Errors
INFO: [Vivado_Tcl 4-199] Please refer to the DRC report (report_drc) for more information.
Running DRC as a precondition to command place_design
INFO: [DRC 23-27] Running DRC with 2 threads
INFO: [Vivado_Tcl 4-198] DRC finished with 0 Errors
INFO: [Vivado_Tcl 4-199] Please refer to the DRC report (report_drc) for more information.

Starting Placer Task
INFO: [Place 30-611] Multithreading enabled for place_design using a maximum of 2 CPUs

Phase 1 Placer Initialization

Phase 1.1 Placer Initialization Netlist Sorting
Netlist sorting complete. Time (s): cpu = 00:00:00 ; elapsed = 00:00:00.004 . Memory (MB): peak = 1215.496 ; gain = 0.000
Phase 1.1 Placer Initialization Netlist Sorting | Checksum: a6da8331

Time (s): cpu = 00:00:00 ; elapsed = 00:00:00.009 . Memory (MB): peak = 1215.496 ; gain = 0.000
Netlist sorting complete. Time (s): cpu = 00:00:00 ; elapsed = 00:00:00.002 . Memory (MB): peak = 1215.496 ; gain = 0.000

Phase 1.2 IO Placement/ Clock Placement/ Build Placer Device
INFO: [Timing 38-35] Done setting XDC timing constraints.
Phase 1.2 IO Placement/ Clock Placement/ Build Placer Device | Checksum: dc1c156a

Time (s): cpu = 00:00:02 ; elapsed = 00:00:01 . Memory (MB): peak = 1215.496 ; gain = 0.000

Phase 1.3 Build Placer Netlist Model
Phase 1.3 Build Placer Netlist Model | Checksum: 166f0c152

Time (s): cpu = 00:00:03 ; elapsed = 00:00:02 . Memory (MB): peak = 1220.746 ; gain = 5.250

Phase 1.4 Constrain Clocks/Macros
Phase 1.4 Constrain Clocks/Macros | Checksum: 166f0c152

Time (s): cpu = 00:00:03 ; elapsed = 00:00:02 . Memory (MB): peak = 1220.746 ; gain = 5.250
Phase 1 Placer Initialization | Checksum: 166f0c152

Time (s): cpu = 00:00:03 ; elapsed = 00:00:02 . Memory (MB): peak = 1220.746 ; gain = 5.250

Phase 2 Global Placement

Phase 2.1 Floorplanning
Phase 2.1 Floorplanning | Checksum: 166f0c152

Time (s): cpu = 00:00:03 ; elapsed = 00:00:02 . Memory (MB): peak = 1220.746 ; gain = 5.250
WARNING: [Place 46-29] place_design is not in timing mode. Skip physical synthesis in placer
Phase 2 Global Placement | Checksum: 1b82a75ea

Time (s): cpu = 00:00:06 ; elapsed = 00:00:05 . Memory (MB): peak = 1220.746 ; gain = 5.250

Phase 3 Detail Placement

Phase 3.1 Commit Multi Column Macros
Phase 3.1 Commit Multi Column Macros | Checksum: 1b82a75ea

Time (s): cpu = 00:00:06 ; elapsed = 00:00:05 . Memory (MB): peak = 1220.746 ; gain = 5.250

Phase 3.2 Commit Most Macros & LUTRAMs
Phase 3.2 Commit Most Macros & LUTRAMs | Checksum: 12a4f49a1

Time (s): cpu = 00:00:06 ; elapsed = 00:00:05 . Memory (MB): peak = 1220.746 ; gain = 5.250

Phase 3.3 Area Swap Optimization
Phase 3.3 Area Swap Optimization | Checksum: 77548793

Time (s): cpu = 00:00:06 ; elapsed = 00:00:05 . Memory (MB): peak = 1220.746 ; gain = 5.250

Phase 3.4 Pipeline Register Optimization
Phase 3.4 Pipeline Register Optimization | Checksum: 77548793

Time (s): cpu = 00:00:06 ; elapsed = 00:00:05 . Memory (MB): peak = 1220.746 ; gain = 5.250

Phase 3.5 Small Shape Detail Placement
Phase 3.5 Small Shape Detail Placement | Checksum: bf952480

Time (s): cpu = 00:00:07 ; elapsed = 00:00:05 . Memory (MB): peak = 1220.746 ; gain = 5.250

Phase 3.6 Re-assign LUT pins
Phase 3.6 Re-assign LUT pins | Checksum: 16deca162

Time (s): cpu = 00:00:07 ; elapsed = 00:00:06 . Memory (MB): peak = 1220.746 ; gain = 5.250

Phase 3.7 Pipeline Register Optimization
Phase 3.7 Pipeline Register Optimization | Checksum: 16deca162

Time (s): cpu = 00:00:07 ; elapsed = 00:00:06 . Memory (MB): peak = 1220.746 ; gain = 5.250
Phase 3 Detail Placement | Checksum: 16deca162

Time (s): cpu = 00:00:07 ; elapsed = 00:00:06 . Memory (MB): peak = 1220.746 ; gain = 5.250

Phase 4 Post Placement Optimization and Clean-Up

Phase 4.1 Post Commit Optimization
Phase 4.1 Post Commit Optimization | Checksum: 16deca162

Time (s): cpu = 00:00:07 ; elapsed = 00:00:06 . Memory (MB): peak = 1220.746 ; gain = 5.250

Phase 4.2 Post Placement Cleanup
Phase 4.2 Post Placement Cleanup | Checksum: 16deca162

Time (s): cpu = 00:00:07 ; elapsed = 00:00:06 . Memory (MB): peak = 1220.746 ; gain = 5.250

Phase 4.3 Placer Reporting
Phase 4.3 Placer Reporting | Checksum: 16deca162

Time (s): cpu = 00:00:07 ; elapsed = 00:00:06 . Memory (MB): peak = 1220.746 ; gain = 5.250

Phase 4.4 Final Placement Cleanup
Phase 4.4 Final Placement Cleanup | Checksum: 16deca162

Time (s): cpu = 00:00:07 ; elapsed = 00:00:06 . Memory (MB): peak = 1220.746 ; gain = 5.250
Phase 4 Post Placement Optimization and Clean-Up | Checksum: 16deca162

Time (s): cpu = 00:00:07 ; elapsed = 00:00:06 . Memory (MB): peak = 1220.746 ; gain = 5.250
Ending Placer Task | Checksum: cddb3c77

Time (s): cpu = 00:00:07 ; elapsed = 00:00:06 . Memory (MB): peak = 1220.746 ; gain = 5.250
INFO: [Common 17-83] Releasing license: Implementation
41 Infos, 1 Warnings, 0 Critical Warnings and 0 Errors encountered.
place_design completed successfully
place_design: Time (s): cpu = 00:00:08 ; elapsed = 00:00:07 . Memory (MB): peak = 1220.746 ; gain = 5.250
INFO: [Timing 38-480] Writing timing data to binary archive.
Writing placer database...
Writing XDEF routing.
Writing XDEF routing logical nets.
Writing XDEF routing special nets.
Write XDEF Complete: Time (s): cpu = 00:00:01 ; elapsed = 00:00:00.306 . Memory (MB): peak = 1220.746 ; gain = 0.000
INFO: [Common 17-1381] The checkpoint 'C:/Users/ASUS TUF/Documents/Vivado/Nano_Alts/Exp 8 Bit/Exp.runs/impl_1/Computer_placed.dcp' has been generated.
INFO: [runtcl-4] Executing : report_io -file Computer_io_placed.rpt
report_io: Time (s): cpu = 00:00:00 ; elapsed = 00:00:00.047 . Memory (MB): peak = 1220.746 ; gain = 0.000
INFO: [runtcl-4] Executing : report_utilization -file Computer_utilization_placed.rpt -pb Computer_utilization_placed.pb
report_utilization: Time (s): cpu = 00:00:00 ; elapsed = 00:00:00.039 . Memory (MB): peak = 1220.746 ; gain = 0.000
INFO: [runtcl-4] Executing : report_control_sets -verbose -file Computer_control_sets_placed.rpt
report_control_sets: Time (s): cpu = 00:00:00 ; elapsed = 00:00:00.006 . Memory (MB): peak = 1220.746 ; gain = 0.000
Command: route_design
Attempting to get a license for feature 'Implementation' and/or device 'xc7a35t'
INFO: [Common 17-349] Got license for feature 'Implementation' and/or device 'xc7a35t'
Running DRC as a precondition to command route_design
INFO: [DRC 23-27] Running DRC with 2 threads
INFO: [Vivado_Tcl 4-198] DRC finished with 0 Errors
INFO: [Vivado_Tcl 4-199] Please refer to the DRC report (report_drc) for more information.


Starting Routing Task
INFO: [Route 35-254] Multithreading enabled for route_design using a maximum of 2 CPUs
Checksum: PlaceDB: bb9439fc ConstDB: 0 ShapeSum: 1247027b RouteDB: 0

Phase 1 Build RT Design
Phase 1 Build RT Design | Checksum: 5804d9fe

Time (s): cpu = 00:00:26 ; elapsed = 00:00:23 . Memory (MB): peak = 1322.879 ; gain = 102.133
Post Restoration Checksum: NetGraph: 2553356a NumContArr: 32b1a494 Constraints: 0 Timing: 0

Phase 2 Router Initialization

Phase 2.1 Create Timer
INFO: [Timing 38-35] Done setting XDC timing constraints.
Phase 2.1 Create Timer | Checksum: 5804d9fe

Time (s): cpu = 00:00:26 ; elapsed = 00:00:24 . Memory (MB): peak = 1355.719 ; gain = 134.973

Phase 2.2 Fix Topology Constraints
Phase 2.2 Fix Topology Constraints | Checksum: 5804d9fe

Time (s): cpu = 00:00:26 ; elapsed = 00:00:24 . Memory (MB): peak = 1355.719 ; gain = 134.973

Phase 2.3 Pre Route Cleanup
Phase 2.3 Pre Route Cleanup | Checksum: 5804d9fe

Time (s): cpu = 00:00:26 ; elapsed = 00:00:24 . Memory (MB): peak = 1355.719 ; gain = 134.973
 Number of Nodes with overlaps = 0

Phase 2.4 Update Timing
Phase 2.4 Update Timing | Checksum: 18b11d62f

Time (s): cpu = 00:00:27 ; elapsed = 00:00:24 . Memory (MB): peak = 1359.770 ; gain = 139.023
Phase 2 Router Initialization | Checksum: 18b11d62f

Time (s): cpu = 00:00:27 ; elapsed = 00:00:24 . Memory (MB): peak = 1359.770 ; gain = 139.023

Phase 3 Initial Routing
Phase 3 Initial Routing | Checksum: 198985204

Time (s): cpu = 00:00:27 ; elapsed = 00:00:24 . Memory (MB): peak = 1360.035 ; gain = 139.289

Phase 4 Rip-up And Reroute

Phase 4.1 Global Iteration 0
 Number of Nodes with overlaps = 262
 Number of Nodes with overlaps = 0
Phase 4.1 Global Iteration 0 | Checksum: 9394cd65

Time (s): cpu = 00:00:28 ; elapsed = 00:00:25 . Memory (MB): peak = 1360.074 ; gain = 139.328
Phase 4 Rip-up And Reroute | Checksum: 9394cd65

Time (s): cpu = 00:00:28 ; elapsed = 00:00:25 . Memory (MB): peak = 1360.074 ; gain = 139.328

Phase 5 Delay and Skew Optimization

Phase 5.1 Delay CleanUp
Phase 5.1 Delay CleanUp | Checksum: 9394cd65

Time (s): cpu = 00:00:28 ; elapsed = 00:00:25 . Memory (MB): peak = 1360.074 ; gain = 139.328

Phase 5.2 Clock Skew Optimization
Phase 5.2 Clock Skew Optimization | Checksum: 9394cd65

Time (s): cpu = 00:00:28 ; elapsed = 00:00:25 . Memory (MB): peak = 1360.074 ; gain = 139.328
Phase 5 Delay and Skew Optimization | Checksum: 9394cd65

Time (s): cpu = 00:00:28 ; elapsed = 00:00:25 . Memory (MB): peak = 1360.074 ; gain = 139.328

Phase 6 Post Hold Fix

Phase 6.1 Hold Fix Iter

Phase 6.1.1 Update Timing
Phase 6.1.1 Update Timing | Checksum: 9394cd65

Time (s): cpu = 00:00:28 ; elapsed = 00:00:25 . Memory (MB): peak = 1360.074 ; gain = 139.328
Phase 6.1 Hold Fix Iter | Checksum: 9394cd65

Time (s): cpu = 00:00:28 ; elapsed = 00:00:25 . Memory (MB): peak = 1360.074 ; gain = 139.328
Phase 6 Post Hold Fix | Checksum: 9394cd65

Time (s): cpu = 00:00:28 ; elapsed = 00:00:25 . Memory (MB): peak = 1360.074 ; gain = 139.328

Phase 7 Route finalize

Router Utilization Summary
  Global Vertical Routing Utilization    = 0.411465 %
  Global Horizontal Routing Utilization  = 0.581078 %
  Routable Net Status*
  *Does not include unroutable nets such as driverless and loadless.
  Run report_route_status for detailed report.
  Number of Failed Nets               = 0
  Number of Unrouted Nets             = 0
  Number of Partially Routed Nets     = 0
  Number of Node Overlaps             = 0

Phase 7 Route finalize | Checksum: 9394cd65

Time (s): cpu = 00:00:28 ; elapsed = 00:00:25 . Memory (MB): peak = 1360.074 ; gain = 139.328

Phase 8 Verifying routed nets

 Verification completed successfully
Phase 8 Verifying routed nets | Checksum: 9394cd65

Time (s): cpu = 00:00:28 ; elapsed = 00:00:25 . Memory (MB): peak = 1362.488 ; gain = 141.742

Phase 9 Depositing Routes
Phase 9 Depositing Routes | Checksum: 522250c3

Time (s): cpu = 00:00:29 ; elapsed = 00:00:25 . Memory (MB): peak = 1362.488 ; gain = 141.742

Phase 10 Post Router Timing
Phase 10 Post Router Timing | Checksum: 522250c3

Time (s): cpu = 00:00:29 ; elapsed = 00:00:25 . Memory (MB): peak = 1362.488 ; gain = 141.742
INFO: [Route 35-16] Router Completed Successfully

Time (s): cpu = 00:00:29 ; elapsed = 00:00:25 . Memory (MB): peak = 1362.488 ; gain = 141.742

Routing Is Done.
INFO: [Common 17-83] Releasing license: Implementation
54 Infos, 1 Warnings, 0 Critical Warnings and 0 Errors encountered.
route_design completed successfully
route_design: Time (s): cpu = 00:00:31 ; elapsed = 00:00:27 . Memory (MB): peak = 1362.488 ; gain = 141.742
INFO: [Timing 38-480] Writing timing data to binary archive.
Writing placer database...
Writing XDEF routing.
Writing XDEF routing logical nets.
Writing XDEF routing special nets.
Write XDEF Complete: Time (s): cpu = 00:00:01 ; elapsed = 00:00:00.327 . Memory (MB): peak = 1367.234 ; gain = 4.746
INFO: [Common 17-1381] The checkpoint 'C:/Users/ASUS TUF/Documents/Vivado/Nano_Alts/Exp 8 Bit/Exp.runs/impl_1/Computer_routed.dcp' has been generated.
INFO: [runtcl-4] Executing : report_drc -file Computer_drc_routed.rpt -pb Computer_drc_routed.pb -rpx Computer_drc_routed.rpx
Command: report_drc -file Computer_drc_routed.rpt -pb Computer_drc_routed.pb -rpx Computer_drc_routed.rpx
INFO: [DRC 23-27] Running DRC with 2 threads
INFO: [Coretcl 2-168] The results of DRC are in file C:/Users/ASUS TUF/Documents/Vivado/Nano_Alts/Exp 8 Bit/Exp.runs/impl_1/Computer_drc_routed.rpt.
report_drc completed successfully
INFO: [runtcl-4] Executing : report_methodology -file Computer_methodology_drc_routed.rpt -pb Computer_methodology_drc_routed.pb -rpx Computer_methodology_drc_routed.rpx
Command: report_methodology -file Computer_methodology_drc_routed.rpt -pb Computer_methodology_drc_routed.pb -rpx Computer_methodology_drc_routed.rpx
INFO: [Timing 38-35] Done setting XDC timing constraints.
INFO: [Timing 38-35] Done setting XDC timing constraints.
INFO: [DRC 23-133] Running Methodology with 2 threads
INFO: [Coretcl 2-1520] The results of Report Methodology are in file C:/Users/ASUS TUF/Documents/Vivado/Nano_Alts/Exp 8 Bit/Exp.runs/impl_1/Computer_methodology_drc_routed.rpt.
report_methodology completed successfully
INFO: [runtcl-4] Executing : report_power -file Computer_power_routed.rpt -pb Computer_power_summary_routed.pb -rpx Computer_power_routed.rpx
Command: report_power -file Computer_power_routed.rpt -pb Computer_power_summary_routed.pb -rpx Computer_power_routed.rpx
INFO: [Timing 38-35] Done setting XDC timing constraints.
Running Vector-less Activity Propagation...

Finished Running Vector-less Activity Propagation
66 Infos, 1 Warnings, 0 Critical Warnings and 0 Errors encountered.
report_power completed successfully
INFO: [runtcl-4] Executing : report_route_status -file Computer_route_status.rpt -pb Computer_route_status.pb
INFO: [runtcl-4] Executing : report_timing_summary -max_paths 10 -file Computer_timing_summary_routed.rpt -pb Computer_timing_summary_routed.pb -rpx Computer_timing_summary_routed.rpx -warn_on_violation 
INFO: [Timing 38-91] UpdateTimingParams: Speed grade: -1, Delay Type: min_max, Timing Stage: Requireds.
INFO: [Timing 38-191] Multithreading enabled for timing update using a maximum of 2 CPUs
INFO: [runtcl-4] Executing : report_incremental_reuse -file Computer_incremental_reuse_routed.rpt
INFO: [Vivado_Tcl 4-545] No incremental reuse to report, no incremental placement and routing data was found.
INFO: [runtcl-4] Executing : report_clock_utilization -file Computer_clock_utilization_routed.rpt
INFO: [runtcl-4] Executing : report_bus_skew -warn_on_violation -file Computer_bus_skew_routed.rpt -pb Computer_bus_skew_routed.pb -rpx Computer_bus_skew_routed.rpx
INFO: [Timing 38-91] UpdateTimingParams: Speed grade: -1, Delay Type: min_max, Timing Stage: Requireds.
INFO: [Timing 38-191] Multithreading enabled for timing update using a maximum of 2 CPUs
Command: write_bitstream -force Computer.bit
Attempting to get a license for feature 'Implementation' and/or device 'xc7a35t'
INFO: [Common 17-349] Got license for feature 'Implementation' and/or device 'xc7a35t'
Running DRC as a precondition to command write_bitstream
INFO: [DRC 23-27] Running DRC with 2 threads
WARNING: [DRC CFGBVS-1] Missing CFGBVS and CONFIG_VOLTAGE Design Properties: Neither the CFGBVS nor CONFIG_VOLTAGE voltage property is set in the current_design.  Configuration bank voltage select (CFGBVS) must be set to VCCO or GND, and CONFIG_VOLTAGE must be set to the correct configuration voltage, in order to determine the I/O voltage support for the pins in bank 0.  It is suggested to specify these either using the 'Edit Device Properties' function in the GUI or directly in the XDC file using the following syntax:

 set_property CFGBVS value1 [current_design]
 #where value1 is either VCCO or GND

 set_property CONFIG_VOLTAGE value2 [current_design]
 #where value2 is the voltage provided to configuration bank 0

Refer to the device configuration user guide for more information.
WARNING: [DRC DPIP-1] Input pipelining: DSP NP1/Arithmetic_Unit/Mult/Product input NP1/Arithmetic_Unit/Mult/Product/A[29:0] is not pipelined. Pipelining DSP48 input will improve performance.
WARNING: [DRC DPIP-1] Input pipelining: DSP NP1/Arithmetic_Unit/Mult/Product input NP1/Arithmetic_Unit/Mult/Product/B[17:0] is not pipelined. Pipelining DSP48 input will improve performance.
WARNING: [DRC DPIP-1] Input pipelining: DSP NP1/Arithmetic_Unit/addsub/U0/xst_addsub/xbip_addsub.i_a_b_nogrowth.not_unsigned_max_width.i_xbip_addsub/addsub_usecase.i_addsub/i_synth_option.i_synth_model/opt_vx7.i_uniwrap/i_primitive input NP1/Arithmetic_Unit/addsub/U0/xst_addsub/xbip_addsub.i_a_b_nogrowth.not_unsigned_max_width.i_xbip_addsub/addsub_usecase.i_addsub/i_synth_option.i_synth_model/opt_vx7.i_uniwrap/i_primitive/B[17:0] is not pipelined. Pipelining DSP48 input will improve performance.
WARNING: [DRC DPIP-1] Input pipelining: DSP NP1/Arithmetic_Unit/addsub/U0/xst_addsub/xbip_addsub.i_a_b_nogrowth.not_unsigned_max_width.i_xbip_addsub/addsub_usecase.i_addsub/i_synth_option.i_synth_model/opt_vx7.i_uniwrap/i_primitive input NP1/Arithmetic_Unit/addsub/U0/xst_addsub/xbip_addsub.i_a_b_nogrowth.not_unsigned_max_width.i_xbip_addsub/addsub_usecase.i_addsub/i_synth_option.i_synth_model/opt_vx7.i_uniwrap/i_primitive/C[47:0] is not pipelined. Pipelining DSP48 input will improve performance.
WARNING: [DRC DPIP-1] Input pipelining: DSP NP1/PC/Counter/U0/i_synth/i_baseip.i_xbip_counter/i_dsp48.i_dsp/i_vx7.i_dsp48e_wrap/i_primitive input NP1/PC/Counter/U0/i_synth/i_baseip.i_xbip_counter/i_dsp48.i_dsp/i_vx7.i_dsp48e_wrap/i_primitive/C[47:0] is not pipelined. Pipelining DSP48 input will improve performance.
WARNING: [DRC DPOP-1] PREG Output pipelining: DSP NP1/Arithmetic_Unit/Mult/Product output NP1/Arithmetic_Unit/Mult/Product/P[47:0] is not pipelined (PREG=0). Pipelining the DSP48 output will improve performance and often saves power so it is suggested whenever possible to fully pipeline this function.  If this DSP48 function was inferred, it is suggested to describe an additional register stage after this function.  If the DSP48 was instantiated in the design, it is suggested to set the PREG attribute to 1.
WARNING: [DRC DPOP-1] PREG Output pipelining: DSP NP1/Arithmetic_Unit/addsub/U0/xst_addsub/xbip_addsub.i_a_b_nogrowth.not_unsigned_max_width.i_xbip_addsub/addsub_usecase.i_addsub/i_synth_option.i_synth_model/opt_vx7.i_uniwrap/i_primitive output NP1/Arithmetic_Unit/addsub/U0/xst_addsub/xbip_addsub.i_a_b_nogrowth.not_unsigned_max_width.i_xbip_addsub/addsub_usecase.i_addsub/i_synth_option.i_synth_model/opt_vx7.i_uniwrap/i_primitive/P[47:0] is not pipelined (PREG=0). Pipelining the DSP48 output will improve performance and often saves power so it is suggested whenever possible to fully pipeline this function.  If this DSP48 function was inferred, it is suggested to describe an additional register stage after this function.  If the DSP48 was instantiated in the design, it is suggested to set the PREG attribute to 1.
WARNING: [DRC DPOP-2] MREG Output pipelining: DSP NP1/Arithmetic_Unit/Mult/Product multiplier stage NP1/Arithmetic_Unit/Mult/Product/P[47:0] is not pipelined (MREG=0). Pipelining the multiplier function will improve performance and will save significant power so it is suggested whenever possible to fully pipeline this function.  If this multiplier was inferred, it is suggested to describe an additional register stage after this function.  If there is no registered adder/accumulator following the multiply function, two pipeline stages are suggested to allow both the MREG and PREG registers to be used.  If the DSP48 was instantiated in the design, it is suggested to set both the MREG and PREG attributes to 1 when performing multiply functions.
INFO: [DRC AVAL-4] enum_USE_DPORT_FALSE_enum_DREG_ADREG_0_connects_CED_CEAD_RSTD_GND: NP1/Arithmetic_Unit/addsub/U0/xst_addsub/xbip_addsub.i_a_b_nogrowth.not_unsigned_max_width.i_xbip_addsub/addsub_usecase.i_addsub/i_synth_option.i_synth_model/opt_vx7.i_uniwrap/i_primitive: DSP48E1 is not using the D port (USE_DPORT = FALSE). For improved power characteristics, set DREG and ADREG to '1', tie CED, CEAD, and RSTD to logic '0'.
INFO: [DRC AVAL-5] enum_USE_MULT_NONE_enum_DREG_ADREG_0_connects_CED_CEAD_RSTD_GND: Driver1/SlowClk/Counter/U0/i_synth/i_baseip.i_xbip_counter/i_dsp48.i_dsp/i_vx7.i_dsp48e_wrap/i_primitive: DSP48E1 is not using the Multiplier (USE_MULT = NONE). For improved power characteristics, set DREG and ADREG to '1', tie CED, CEAD, and RSTD to logic '0'.
INFO: [DRC AVAL-5] enum_USE_MULT_NONE_enum_DREG_ADREG_0_connects_CED_CEAD_RSTD_GND: Driver2/SlowClk/Counter/U0/i_synth/i_baseip.i_xbip_counter/i_dsp48.i_dsp/i_vx7.i_dsp48e_wrap/i_primitive: DSP48E1 is not using the Multiplier (USE_MULT = NONE). For improved power characteristics, set DREG and ADREG to '1', tie CED, CEAD, and RSTD to logic '0'.
INFO: [DRC AVAL-5] enum_USE_MULT_NONE_enum_DREG_ADREG_0_connects_CED_CEAD_RSTD_GND: NP1/Arithmetic_Unit/addsub/U0/xst_addsub/xbip_addsub.i_a_b_nogrowth.not_unsigned_max_width.i_xbip_addsub/addsub_usecase.i_addsub/i_synth_option.i_synth_model/opt_vx7.i_uniwrap/i_primitive: DSP48E1 is not using the Multiplier (USE_MULT = NONE). For improved power characteristics, set DREG and ADREG to '1', tie CED, CEAD, and RSTD to logic '0'.
INFO: [DRC AVAL-5] enum_USE_MULT_NONE_enum_DREG_ADREG_0_connects_CED_CEAD_RSTD_GND: NP1/PC/Counter/U0/i_synth/i_baseip.i_xbip_counter/i_dsp48.i_dsp/i_vx7.i_dsp48e_wrap/i_primitive: DSP48E1 is not using the Multiplier (USE_MULT = NONE). For improved power characteristics, set DREG and ADREG to '1', tie CED, CEAD, and RSTD to logic '0'.
INFO: [DRC AVAL-5] enum_USE_MULT_NONE_enum_DREG_ADREG_0_connects_CED_CEAD_RSTD_GND: SlowClk/Counter/U0/i_synth/i_baseip.i_xbip_counter/i_dsp48.i_dsp/i_vx7.i_dsp48e_wrap/i_primitive: DSP48E1 is not using the Multiplier (USE_MULT = NONE). For improved power characteristics, set DREG and ADREG to '1', tie CED, CEAD, and RSTD to logic '0'.
INFO: [Vivado 12-3199] DRC finished with 0 Errors, 9 Warnings, 6 Advisories
INFO: [Vivado 12-3200] Please refer to the DRC report (report_drc) for more information.
INFO: [Designutils 20-2272] Running write_bitstream with 2 threads.
Loading data files...
Loading site data...
Loading route data...
Processing options...
Creating bitmap...
Creating bitstream...
Writing bitstream ./Computer.bit...
INFO: [Vivado 12-1842] Bitgen Completed Successfully.
INFO: [Project 1-120] WebTalk data collection is mandatory when using a WebPACK part without a full Vivado license. To see the specific WebTalk data collected for your design, open the usage_statistics_webtalk.html or usage_statistics_webtalk.xml file in the implementation directory.
Access is denied.
Access is denied.
INFO: [Common 17-83] Releasing license: Implementation
90 Infos, 10 Warnings, 0 Critical Warnings and 0 Errors encountered.
write_bitstream completed successfully
write_bitstream: Time (s): cpu = 00:00:17 ; elapsed = 00:00:15 . Memory (MB): peak = 1812.289 ; gain = 416.090
INFO: [Common 17-206] Exiting Vivado at Mon May 26 20:05:15 2025...
