Copyright 1986-2018 Xilinx, Inc. All Rights Reserved.
-------------------------------------------------------------------------------------
| Tool Version : Vivado v.2018.2 (win64) Build 2258646 Thu Jun 14 20:03:12 MDT 2018
| Date         : Mon May 26 20:58:18 2025
| Host         : Bimsara running 64-bit major release  (build 9200)
| Command      : report_control_sets -verbose -file Computer_control_sets_placed.rpt
| Design       : Computer
| Device       : xc7a35t
-------------------------------------------------------------------------------------

Control Set Information

Table of Contents
-----------------
1. Summary
2. Histogram
3. Flip-Flop Distribution
4. Detailed Control Set Information

1. Summary
----------

+----------------------------------------------------------+-------+
|                          Status                          | Count |
+----------------------------------------------------------+-------+
| Number of unique control sets                            |     5 |
| Unused register locations in slices containing registers |     4 |
+----------------------------------------------------------+-------+


2. Histogram
------------

+--------+--------------+
| Fanout | Control Sets |
+--------+--------------+
|      6 |            1 |
|      8 |            3 |
|    16+ |            1 |
+--------+--------------+


3. Flip-Flop Distribution
-------------------------

+--------------+-----------------------+------------------------+-----------------+--------------+
| Clock Enable | Synchronous Set/Reset | Asynchronous Set/Reset | Total Registers | Total Slices |
+--------------+-----------------------+------------------------+-----------------+--------------+
| No           | No                    | No                     |              54 |            7 |
| No           | No                    | Yes                    |               6 |            2 |
| No           | Yes                   | No                     |               0 |            0 |
| Yes          | No                    | No                     |              24 |            3 |
| Yes          | No                    | Yes                    |               0 |            0 |
| Yes          | Yes                   | No                     |               0 |            0 |
+--------------+-----------------------+------------------------+-----------------+--------------+


4. Detailed Control Set Information
-----------------------------------

+-----------------+---------------------------------------+------------------+------------------+----------------+
|   Clock Signal  |             Enable Signal             | Set/Reset Signal | Slice Load Count | Bel Load Count |
+-----------------+---------------------------------------+------------------+------------------+----------------+
|  SlowClk/out[0] |                                       | Reset_IBUF       |                2 |              6 |
|  SlowClk/out[0] | NP1/Program_Counter/Q_reg_reg[0][0]   |                  |                1 |              8 |
|  SlowClk/out[0] | NP1/Program_Counter/Q_reg_reg[0]_0[0] |                  |                1 |              8 |
|  SlowClk/out[0] | NP1/Program_Counter/E[0]              |                  |                1 |              8 |
|  Clk_IBUF_BUFG  |                                       |                  |                7 |             54 |
+-----------------+---------------------------------------+------------------+------------------+----------------+


